18:40:49 **** Incremental Build of configuration Debug for project basile ****
make -j12 all 
arm-none-eabi-gcc "../Core/Src/test.c" -mcpu=cortex-m4 -std=gnu11 -g3 -DDEBUG -DUSE_HAL_DRIVER -DSTM32F407xx -DSTM32L476xx -c -I../Core/Inc -I../Drivers/STM32L4xx_HAL_Driver/Inc -I../Drivers/STM32L4xx_HAL_Driver/Inc/Legacy -I../Drivers/CMSIS/Device/ST/STM32L4xx/Include -I../Drivers/CMSIS/Include -I../LWIP -I../LWIP/App -I../LWIP/Target -I../Middlewares/Third_Party/LwIP/src/include -I../Middlewares/Third_Party/LwIP/src/include/compat/posix -I../Middlewares/Third_Party/LwIP/src/include/compat/posix/arpa -I../Middlewares/Third_Party/LwIP/src/include/compat/posix/net -I../Middlewares/Third_Party/LwIP/src/include/compat/posix/sys -I../Middlewares/Third_Party/LwIP/src/include/compat/stdc -I../Middlewares/Third_Party/LwIP/src/include/lwip -I../Middlewares/Third_Party/LwIP/src/include/lwip/apps -I../Middlewares/Third_Party/LwIP/src/include/lwip/priv -I../Middlewares/Third_Party/LwIP/src/include/lwip/prot -I../Middlewares/Third_Party/LwIP/src/include/netif -I../Middlewares/Third_Party/LwIP/src/include/netif/ppp -I../Middlewares/Third_Party/LwIP/system -I../Middlewares/Third_Party/LwIP/system/arch -I../Middlewares/Third_Party/FreeRTOS/Source/include -I../Middlewares/Third_Party/FreeRTOS/Source/CMSIS_RTOS -I../Middlewares/Third_Party/FreeRTOS/Source/portable/GCC/ARM_CM4F -I../Middlewares/Third_Party/LwIP/src/include/lwip -O0 -ffunction-sections -fdata-sections -Wall -fstack-usage -fcyclomatic-complexity -MMD -MP -MF"Core/Src/test.d" -MT"Core/Src/test.o" --specs=nano.specs -mfpu=fpv4-sp-d16 -mfloat-abi=hard -mthumb -o "Core/Src/test.o"
../Core/Src/test.c: In function 'exempleTestFunctionPattern':
../Core/Src/test.c:20:50: warning: pointer targets in assignment from 'char *' to 'uint8_t *' {aka 'unsigned char *'} differ in signedness [-Wpointer-sign]
   20 |         ptLocalTestStructure->pcTestFunctionName ="exempleTestFunctionPattern";
      |                                                  ^
../Core/Src/test.c: In function 'TFunction_Factory':
../Core/Src/test.c:42:25: warning: implicit declaration of function 'memcpy' [-Wimplicit-function-declaration]
   42 |                         memcpy( buffer, testStructure.pcTestFunctionName,  strlen(testStructure.pcTestFunctionName));
      |                         ^~~~~~
../Core/Src/test.c:10:1: note: include '<string.h>' or provide a declaration of 'memcpy'
    9 | #include "stm32l4xx_hal.h"
  +++ |+#include <string.h>
   10 | 
../Core/Src/test.c:42:25: warning: incompatible implicit declaration of built-in function 'memcpy' [-Wbuiltin-declaration-mismatch]
   42 |                         memcpy( buffer, testStructure.pcTestFunctionName,  strlen(testStructure.pcTestFunctionName));
      |                         ^~~~~~
../Core/Src/test.c:42:25: note: include '<string.h>' or provide a declaration of 'memcpy'
../Core/Src/test.c:42:76: warning: implicit declaration of function 'strlen' [-Wimplicit-function-declaration]
   42 |                         memcpy( buffer, testStructure.pcTestFunctionName,  strlen(testStructure.pcTestFunctionName));
      |                                                                            ^~~~~~
../Core/Src/test.c:42:76: note: include '<string.h>' or provide a declaration of 'strlen'
../Core/Src/test.c:42:76: warning: incompatible implicit declaration of built-in function 'strlen' [-Wbuiltin-declaration-mismatch]
../Core/Src/test.c:42:76: note: include '<string.h>' or provide a declaration of 'strlen'
../Core/Src/test.c:42:96: warning: pointer targets in passing argument 1 of 'strlen' differ in signedness [-Wpointer-sign]
   42 |                         memcpy( buffer, testStructure.pcTestFunctionName,  strlen(testStructure.pcTestFunctionName));
      |                                                                                   ~~~~~~~~~~~~~^~~~~~~~~~~~~~~~~~~
      |                                                                                                |
      |                                                                                                uint8_t * {aka unsigned char *}
../Core/Src/test.c:42:96: note: expected 'const char *' but argument is of type 'uint8_t *' {aka 'unsigned char *'}
../Core/Src/test.c:43:25: warning: implicit declaration of function 'sprintf' [-Wimplicit-function-declaration]
   43 |                         sprintf(&buffer[strlen(buffer)], ", sTestFunctionNum=%d, ", i);
      |                         ^~~~~~~
../Core/Src/test.c:10:1: note: include '<stdio.h>' or provide a declaration of 'sprintf'
    9 | #include "stm32l4xx_hal.h"
  +++ |+#include <stdio.h>
   10 | 
../Core/Src/test.c:43:25: warning: incompatible implicit declaration of built-in function 'sprintf' [-Wbuiltin-declaration-mismatch]
   43 |                         sprintf(&buffer[strlen(buffer)], ", sTestFunctionNum=%d, ", i);
      |                         ^~~~~~~
../Core/Src/test.c:43:25: note: include '<stdio.h>' or provide a declaration of 'sprintf'
arm-none-eabi-gcc -o "basile.elf" @"objects.list"   -mcpu=cortex-m4 -T"C:\Users\hellm\Desktop\ENSI\la_base\Soft\basile\STM32L476RGTX_FLASH.ld" --specs=nosys.specs -Wl,-Map="basile.map" -Wl,--gc-sections -static --specs=nano.specs -mfpu=fpv4-sp-d16 -mfloat-abi=hard -mthumb -Wl,--start-group -lc -lm -Wl,--end-group
C:/ST/STM32CubeIDE_1.14.0/STM32CubeIDE/plugins/com.st.stm32cube.ide.mcu.externaltools.gnu-tools-for-stm32.12.3.rel1.win32_1.0.200.202406191623/tools/bin/../lib/gcc/arm-none-eabi/12.3.1/../../../../arm-none-eabi/bin/ld.exe: warning: basile.elf has a LOAD segment with RWX permissions
Finished building target: basile.elf
 
arm-none-eabi-size  basile.elf 
arm-none-eabi-objdump -h -S basile.elf  > "basile.list"
   text	   data	    bss	    dec	    hex	filename
  99336	    124	  19364	 118824	  1d028	basile.elf
Finished building: default.size.stdout
 
Finished building: basile.list
 

18:40:50 Build Finished. 0 errors, 9 warnings. (took 1s.253ms)

