21:49:41 **** Incremental Build of configuration Debug for project basile ****
make -j12 all 
arm-none-eabi-gcc "../Core/Src/main.c" -mcpu=cortex-m4 -std=gnu11 -g3 -DDEBUG -DUSE_HAL_DRIVER -DSTM32F407xx -DSTM32L476xx -c -I../Core/Inc -I../Drivers/STM32L4xx_HAL_Driver/Inc -I../Drivers/CMSIS/Include -I../LWIP -I../LWIP/App -I../LWIP/Target -I../Middlewares/Third_Party/LwIP/src/include -I../Middlewares/Third_Party/LwIP/src/include/compat/posix -I../Middlewares/Third_Party/LwIP/src/include/compat/posix/arpa -I../Middlewares/Third_Party/LwIP/src/include/compat/posix/net -I../Middlewares/Third_Party/LwIP/src/include/compat/posix/sys -I../Middlewares/Third_Party/LwIP/src/include/compat/stdc -I../Middlewares/Third_Party/LwIP/src/include/lwip -I../Middlewares/Third_Party/LwIP/src/include/lwip/apps -I../Middlewares/Third_Party/LwIP/src/include/lwip/priv -I../Middlewares/Third_Party/LwIP/src/include/lwip/prot -I../Middlewares/Third_Party/LwIP/src/include/netif -I../Middlewares/Third_Party/LwIP/src/include/netif/ppp -I../Middlewares/Third_Party/LwIP/system -I../Middlewares/Third_Party/LwIP/system/arch -I../Drivers/STM32L4xx_HAL_Driver/Inc/Legacy -I../Drivers/CMSIS/Device/ST/STM32L4xx/Include -I../Middlewares/Third_Party/FreeRTOS/Source/include -I../Middlewares/Third_Party/FreeRTOS/Source/CMSIS_RTOS -I../Middlewares/Third_Party/FreeRTOS/Source/portable/GCC/ARM_CM4F -O0 -ffunction-sections -fdata-sections -Wall -fstack-usage -fcyclomatic-complexity -MMD -MP -MF"Core/Src/main.d" -MT"Core/Src/main.o" --specs=nano.specs -mfpu=fpv4-sp-d16 -mfloat-abi=hard -mthumb -o "Core/Src/main.o"
../Core/Src/main.c: In function 'StartDefaultTask':
../Core/Src/main.c:349:38: warning: passing argument 2 of 'HAL_UART_Transmit' from incompatible pointer type [-Wincompatible-pointer-types]
  349 |           HAL_UART_Transmit(&huart2, &i, sizeof(i), 1000);
      |                                      ^~
      |                                      |
      |                                      int *
In file included from ../Core/Inc/stm32l4xx_hal_conf.h:450,
                 from ../Drivers/STM32L4xx_HAL_Driver/Inc/stm32l4xx_hal.h:29,
                 from ../Core/Inc/main.h:30,
                 from ../Core/Src/main.c:20:
../Drivers/STM32L4xx_HAL_Driver/Inc/stm32l4xx_hal_uart.h:1696:79: note: expected 'const uint8_t *' {aka 'const unsigned char *'} but argument is of type 'int *'
 1696 | HAL_StatusTypeDef HAL_UART_Transmit(UART_HandleTypeDef *huart, const uint8_t *pData, uint16_t Size, uint32_t Timeout);
      |                                                                ~~~~~~~~~~~~~~~^~~~~
arm-none-eabi-gcc -o "basile.elf" @"objects.list"   -mcpu=cortex-m4 -T"C:\Users\hellm\Desktop\ENSI\la_base\Soft\basile\STM32L476RGTX_FLASH.ld" --specs=nosys.specs -Wl,-Map="basile.map" -Wl,--gc-sections -static --specs=nano.specs -mfpu=fpv4-sp-d16 -mfloat-abi=hard -mthumb -Wl,--start-group -lc -lm -Wl,--end-group
C:/ST/STM32CubeIDE_1.14.0/STM32CubeIDE/plugins/com.st.stm32cube.ide.mcu.externaltools.gnu-tools-for-stm32.12.3.rel1.win32_1.0.200.202406191623/tools/bin/../lib/gcc/arm-none-eabi/12.3.1/../../../../arm-none-eabi/bin/ld.exe: warning: basile.elf has a LOAD segment with RWX permissions
Finished building target: basile.elf
 
arm-none-eabi-size  basile.elf 
arm-none-eabi-objdump -h -S basile.elf  > "basile.list"
   text	   data	    bss	    dec	    hex	filename
  97656	    124	  19364	 117144	  1c998	basile.elf
Finished building: default.size.stdout
 
Finished building: basile.list
 
21:49:57 **** Incremental Build of configuration Debug for project basile ****
make -j12 all 
arm-none-eabi-size  basile.elf 
   text	   data	    bss	    dec	    hex	filename
  97656	    124	  19364	 117144	  1c998	basile.elf
Finished building: default.size.stdout
 
07:57:06 **** Incremental Build of configuration Debug for project basile ****
make -j12 all 
arm-none-eabi-size  basile.elf 
   text	   data	    bss	    dec	    hex	filename
  97656	    124	  19364	 117144	  1c998	basile.elf
Finished building: default.size.stdout
 
07:57:23 **** Incremental Build of configuration Debug for project basile ****
make -j12 all 
arm-none-eabi-size  basile.elf 
   text	   data	    bss	    dec	    hex	filename
  97656	    124	  19364	 117144	  1c998	basile.elf
Finished building: default.size.stdout
 
18:25:55 **** Incremental Build of configuration Debug for project basile ****
make -j12 all 
arm-none-eabi-size  basile.elf 
   text	   data	    bss	    dec	    hex	filename
  97656	    124	  19364	 117144	  1c998	basile.elf
Finished building: default.size.stdout
 
18:26:12 **** Incremental Build of configuration Debug for project basile ****
make -j12 all 
arm-none-eabi-size  basile.elf 
   text	   data	    bss	    dec	    hex	filename
  97656	    124	  19364	 117144	  1c998	basile.elf
Finished building: default.size.stdout
 
18:42:19 **** Incremental Build of configuration Debug for project basile ****
make -j12 all 
arm-none-eabi-gcc "../LWIP/App/lwip.c" -mcpu=cortex-m4 -std=gnu11 -g3 -DDEBUG -DUSE_HAL_DRIVER -DSTM32F407xx -DSTM32L476xx -c -I../Core/Inc -I../Drivers/STM32L4xx_HAL_Driver/Inc -I../Drivers/STM32L4xx_HAL_Driver/Inc/Legacy -I../Drivers/CMSIS/Device/ST/STM32L4xx/Include -I../Drivers/CMSIS/Include -I../LWIP -I../LWIP/App -I../LWIP/Target -I../Middlewares/Third_Party/LwIP/src/include -I../Middlewares/Third_Party/LwIP/src/include/compat/posix -I../Middlewares/Third_Party/LwIP/src/include/compat/posix/arpa -I../Middlewares/Third_Party/LwIP/src/include/compat/posix/net -I../Middlewares/Third_Party/LwIP/src/include/compat/posix/sys -I../Middlewares/Third_Party/LwIP/src/include/compat/stdc -I../Middlewares/Third_Party/LwIP/src/include/lwip -I../Middlewares/Third_Party/LwIP/src/include/lwip/apps -I../Middlewares/Third_Party/LwIP/src/include/lwip/priv -I../Middlewares/Third_Party/LwIP/src/include/lwip/prot -I../Middlewares/Third_Party/LwIP/src/include/netif -I../Middlewares/Third_Party/LwIP/src/include/netif/ppp -I../Middlewares/Third_Party/LwIP/system -I../Middlewares/Third_Party/LwIP/system/arch -I../Middlewares/Third_Party/FreeRTOS/Source/include -I../Middlewares/Third_Party/FreeRTOS/Source/CMSIS_RTOS -I../Middlewares/Third_Party/FreeRTOS/Source/portable/GCC/ARM_CM4F -I../Middlewares/Third_Party/LwIP/src/include/lwip -O0 -ffunction-sections -fdata-sections -Wall -fstack-usage -fcyclomatic-complexity -MMD -MP -MF"LWIP/App/lwip.d" -MT"LWIP/App/lwip.o" --specs=nano.specs -mfpu=fpv4-sp-d16 -mfloat-abi=hard -mthumb -o "LWIP/App/lwip.o"
arm-none-eabi-gcc -o "basile.elf" @"objects.list"   -mcpu=cortex-m4 -T"C:\Users\hellm\Desktop\ENSI\la_base\Soft\basile\STM32L476RGTX_FLASH.ld" --specs=nosys.specs -Wl,-Map="basile.map" -Wl,--gc-sections -static --specs=nano.specs -mfpu=fpv4-sp-d16 -mfloat-abi=hard -mthumb -Wl,--start-group -lc -lm -Wl,--end-group
C:/ST/STM32CubeIDE_1.14.0/STM32CubeIDE/plugins/com.st.stm32cube.ide.mcu.externaltools.gnu-tools-for-stm32.12.3.rel1.win32_1.0.200.202406191623/tools/bin/../lib/gcc/arm-none-eabi/12.3.1/../../../../arm-none-eabi/bin/ld.exe: warning: basile.elf has a LOAD segment with RWX permissions
Finished building target: basile.elf
 
arm-none-eabi-size  basile.elf 
arm-none-eabi-objdump -h -S basile.elf  > "basile.list"
   text	   data	    bss	    dec	    hex	filename
  97656	    124	  19364	 117144	  1c998	basile.elf
Finished building: default.size.stdout
 
Finished building: basile.list
 
19:22:11 **** Incremental Build of configuration Debug for project basile ****
make -j12 all 
arm-none-eabi-gcc "../LWIP/App/lwip.c" -mcpu=cortex-m4 -std=gnu11 -g3 -DDEBUG -DUSE_HAL_DRIVER -DSTM32F407xx -DSTM32L476xx -c -I../Core/Inc -I../Drivers/STM32L4xx_HAL_Driver/Inc -I../Drivers/STM32L4xx_HAL_Driver/Inc/Legacy -I../Drivers/CMSIS/Device/ST/STM32L4xx/Include -I../Drivers/CMSIS/Include -I../LWIP -I../LWIP/App -I../LWIP/Target -I../Middlewares/Third_Party/LwIP/src/include -I../Middlewares/Third_Party/LwIP/src/include/compat/posix -I../Middlewares/Third_Party/LwIP/src/include/compat/posix/arpa -I../Middlewares/Third_Party/LwIP/src/include/compat/posix/net -I../Middlewares/Third_Party/LwIP/src/include/compat/posix/sys -I../Middlewares/Third_Party/LwIP/src/include/compat/stdc -I../Middlewares/Third_Party/LwIP/src/include/lwip -I../Middlewares/Third_Party/LwIP/src/include/lwip/apps -I../Middlewares/Third_Party/LwIP/src/include/lwip/priv -I../Middlewares/Third_Party/LwIP/src/include/lwip/prot -I../Middlewares/Third_Party/LwIP/src/include/netif -I../Middlewares/Third_Party/LwIP/src/include/netif/ppp -I../Middlewares/Third_Party/LwIP/system -I../Middlewares/Third_Party/LwIP/system/arch -I../Middlewares/Third_Party/FreeRTOS/Source/include -I../Middlewares/Third_Party/FreeRTOS/Source/CMSIS_RTOS -I../Middlewares/Third_Party/FreeRTOS/Source/portable/GCC/ARM_CM4F -I../Middlewares/Third_Party/LwIP/src/include/lwip -O0 -ffunction-sections -fdata-sections -Wall -fstack-usage -fcyclomatic-complexity -MMD -MP -MF"LWIP/App/lwip.d" -MT"LWIP/App/lwip.o" --specs=nano.specs -mfpu=fpv4-sp-d16 -mfloat-abi=hard -mthumb -o "LWIP/App/lwip.o"
arm-none-eabi-gcc -o "basile.elf" @"objects.list"   -mcpu=cortex-m4 -T"C:\Users\hellm\Desktop\ENSI\la_base\Soft\basile\STM32L476RGTX_FLASH.ld" --specs=nosys.specs -Wl,-Map="basile.map" -Wl,--gc-sections -static --specs=nano.specs -mfpu=fpv4-sp-d16 -mfloat-abi=hard -mthumb -Wl,--start-group -lc -lm -Wl,--end-group
C:/ST/STM32CubeIDE_1.14.0/STM32CubeIDE/plugins/com.st.stm32cube.ide.mcu.externaltools.gnu-tools-for-stm32.12.3.rel1.win32_1.0.200.202406191623/tools/bin/../lib/gcc/arm-none-eabi/12.3.1/../../../../arm-none-eabi/bin/ld.exe: warning: basile.elf has a LOAD segment with RWX permissions
Finished building target: basile.elf
 
arm-none-eabi-size  basile.elf 
arm-none-eabi-objdump -h -S basile.elf  > "basile.list"
   text	   data	    bss	    dec	    hex	filename
  97656	    124	  19364	 117144	  1c998	basile.elf
Finished building: default.size.stdout
 
Finished building: basile.list
 
