../Core/Src/main.c:82:5:main	48	static
../Core/Src/main.c:161:6:SystemClock_Config	96	static
../Core/Src/main.c:211:13:MX_SPI2_Init	8	static
../Core/Src/main.c:251:13:MX_SPI3_Init	8	static
../Core/Src/main.c:291:13:MX_USART1_UART_Init	8	static
../Core/Src/main.c:326:13:MX_USART2_UART_Init	8	static
../Core/Src/main.c:361:13:MX_GPIO_Init	48	static
../Core/Src/main.c:401:6:HAL_GPIO_EXTI_Callback	16	static
../Core/Src/main.c:416:6:StartDefaultTask	4448	static
../Core/Src/main.c:520:6:Error_Handler	4	static,ignoring_inline_asm
