Archive member included because of file (symbol)

c:/program files (x86)/emblocks/2.30/share/em_armgcc/bin/../lib/gcc/arm-none-eabi/4.7.3/../../../../arm-none-eabi/lib/armv7e-m/fpu\libc_n.a(lib_a-exit.o)
                              c:/program files (x86)/emblocks/2.30/share/em_armgcc/bin/../lib/gcc/arm-none-eabi/4.7.3/../../../../arm-none-eabi/lib/armv7e-m/fpu/crt0.o (exit)
c:/program files (x86)/emblocks/2.30/share/em_armgcc/bin/../lib/gcc/arm-none-eabi/4.7.3/../../../../arm-none-eabi/lib/armv7e-m/fpu\libc_n.a(lib_a-impure.o)
                              c:/program files (x86)/emblocks/2.30/share/em_armgcc/bin/../lib/gcc/arm-none-eabi/4.7.3/../../../../arm-none-eabi/lib/armv7e-m/fpu\libc_n.a(lib_a-exit.o) (_global_impure_ptr)
c:/program files (x86)/emblocks/2.30/share/em_armgcc/bin/../lib/gcc/arm-none-eabi/4.7.3/../../../../arm-none-eabi/lib/armv7e-m/fpu\libc_n.a(lib_a-init.o)
                              c:/program files (x86)/emblocks/2.30/share/em_armgcc/bin/../lib/gcc/arm-none-eabi/4.7.3/../../../../arm-none-eabi/lib/armv7e-m/fpu/crt0.o (__libc_init_array)
c:/program files (x86)/emblocks/2.30/share/em_armgcc/bin/../lib/gcc/arm-none-eabi/4.7.3/../../../../arm-none-eabi/lib/armv7e-m/fpu\libc_n.a(lib_a-memcmp.o)
                              obj\debug\~#\lwip_tcp_echo_server\middlewares\third_party\lwip\src\netif\etharp.o (memcmp)
c:/program files (x86)/emblocks/2.30/share/em_armgcc/bin/../lib/gcc/arm-none-eabi/4.7.3/../../../../arm-none-eabi/lib/armv7e-m/fpu\libc_n.a(lib_a-memcpy-stub.o)
                              obj\debug\middlewares\third_party\freertos\source\queue.o (memcpy)
c:/program files (x86)/emblocks/2.30/share/em_armgcc/bin/../lib/gcc/arm-none-eabi/4.7.3/../../../../arm-none-eabi/lib/armv7e-m/fpu\libc_n.a(lib_a-memset.o)
                              c:/program files (x86)/emblocks/2.30/share/em_armgcc/bin/../lib/gcc/arm-none-eabi/4.7.3/../../../../arm-none-eabi/lib/armv7e-m/fpu/crt0.o (memset)
c:/program files (x86)/emblocks/2.30/share/em_armgcc/bin/../lib/gcc/arm-none-eabi/4.7.3/../../../../arm-none-eabi/lib/armv7e-m/fpu\libc_n.a(lib_a-printf.o)
                              obj\debug\src\app_ethernet.o (printf)
c:/program files (x86)/emblocks/2.30/share/em_armgcc/bin/../lib/gcc/arm-none-eabi/4.7.3/../../../../arm-none-eabi/lib/armv7e-m/fpu\libc_n.a(lib_a-puts.o)
                              obj\debug\src\app_ethernet.o (puts)
c:/program files (x86)/emblocks/2.30/share/em_armgcc/bin/../lib/gcc/arm-none-eabi/4.7.3/../../../../arm-none-eabi/lib/armv7e-m/fpu\libc_n.a(lib_a-reent.o)
                              obj\debug\src\syscalls.o (errno)
c:/program files (x86)/emblocks/2.30/share/em_armgcc/bin/../lib/gcc/arm-none-eabi/4.7.3/../../../../arm-none-eabi/lib/armv7e-m/fpu\libc_n.a(lib_a-sprintf.o)
                              obj\debug\middlewares\third_party\freertos\source\tasks.o (sprintf)
c:/program files (x86)/emblocks/2.30/share/em_armgcc/bin/../lib/gcc/arm-none-eabi/4.7.3/../../../../arm-none-eabi/lib/armv7e-m/fpu\libc_n.a(lib_a-strcat.o)
                              obj\debug\src\httpserver-netconn.o (strcat)
c:/program files (x86)/emblocks/2.30/share/em_armgcc/bin/../lib/gcc/arm-none-eabi/4.7.3/../../../../arm-none-eabi/lib/armv7e-m/fpu\libc_n.a(lib_a-strcmp.o)
                              obj\debug\src\fs.o (strcmp)
c:/program files (x86)/emblocks/2.30/share/em_armgcc/bin/../lib/gcc/arm-none-eabi/4.7.3/../../../../arm-none-eabi/lib/armv7e-m/fpu\libc_n.a(lib_a-strlen.o)
                              obj\debug\middlewares\third_party\freertos\source\tasks.o (strlen)
c:/program files (x86)/emblocks/2.30/share/em_armgcc/bin/../lib/gcc/arm-none-eabi/4.7.3/../../../../arm-none-eabi/lib/armv7e-m/fpu\libc_n.a(lib_a-strncmp.o)
                              obj\debug\src\httpserver-netconn.o (strncmp)
c:/program files (x86)/emblocks/2.30/share/em_armgcc/bin/../lib/gcc/arm-none-eabi/4.7.3/../../../../arm-none-eabi/lib/armv7e-m/fpu\libc_n.a(lib_a-svfprintf.o)
                              c:/program files (x86)/emblocks/2.30/share/em_armgcc/bin/../lib/gcc/arm-none-eabi/4.7.3/../../../../arm-none-eabi/lib/armv7e-m/fpu\libc_n.a(lib_a-sprintf.o) (_svfprintf_r)
c:/program files (x86)/emblocks/2.30/share/em_armgcc/bin/../lib/gcc/arm-none-eabi/4.7.3/../../../../arm-none-eabi/lib/armv7e-m/fpu\libc_n.a(lib_a-vfprintf.o)
                              c:/program files (x86)/emblocks/2.30/share/em_armgcc/bin/../lib/gcc/arm-none-eabi/4.7.3/../../../../arm-none-eabi/lib/armv7e-m/fpu\libc_n.a(lib_a-printf.o) (_vfprintf_r)
c:/program files (x86)/emblocks/2.30/share/em_armgcc/bin/../lib/gcc/arm-none-eabi/4.7.3/../../../../arm-none-eabi/lib/armv7e-m/fpu\libc_n.a(lib_a-vfprintf_i.o)
                              c:/program files (x86)/emblocks/2.30/share/em_armgcc/bin/../lib/gcc/arm-none-eabi/4.7.3/../../../../arm-none-eabi/lib/armv7e-m/fpu\libc_n.a(lib_a-svfprintf.o) (_printf_i)
[...]
Memory Configuration

Name             Origin             Length             Attributes
ROM              0x08000000         0x00200000         xr
RAM              0x20000000         0x00030000         xrw
CCRAM            0x10000000         0x00010000         xrw
*default*        0x00000000         0xffffffff

Linker script and memory map

LOAD c:/program files (x86)/emblocks/2.30/share/em_armgcc/bin/../lib/gcc/arm-none-eabi/4.7.3/armv7e-m/fpu/crti.o
LOAD c:/program files (x86)/emblocks/2.30/share/em_armgcc/bin/../lib/gcc/arm-none-eabi/4.7.3/armv7e-m/fpu/crtbegin.o
LOAD c:/program files (x86)/emblocks/2.30/share/em_armgcc/bin/../lib/gcc/arm-none-eabi/4.7.3/../../../../arm-none-eabi/lib/armv7e-m/fpu/crt0.o
                0x00000200                __HEAP_SIZE = 0x200
                0x00001000                __STACK_SIZE = 0x1000

.text           0x08000000    0x28de4
 *(.isr_vector)
 .isr_vector    0x08000000      0x1ac obj\debug\src\startup_stm32f429x.o
                0x08000000                __isr_vector
 *(.text*)
 .text          0x080001ac       0x54 c:/program files (x86)/emblocks/2.30/share/em_armgcc/bin/../lib/gcc/arm-none-eabi/4.7.3/armv7e-m/fpu/crtbegin.o
 .text          0x08000200       0x74 c:/program files (x86)/emblocks/2.30/share/em_armgcc/bin/../lib/gcc/arm-none-eabi/4.7.3/../../../../arm-none-eabi/lib/armv7e-m/fpu/crt0.o
                0x08000200                _start
                0x08000200                _mainCRTStartup
 .text.makeFreeRtosPriority
                0x08000274       0x34 obj\debug\middlewares\third_party\freertos\source\cmsis_rtos\cmsis_os.o
 .text.inHandlerMode
                0x080002a8       0x24 obj\debug\middlewares\third_party\freertos\source\cmsis_rtos\cmsis_os.o
 .text.osKernelStart
                0x080002cc       0x10 obj\debug\middlewares\third_party\freertos\source\cmsis_rtos\cmsis_os.o
                0x080002cc                osKernelStart
 .text.osThreadCreate
                0x080002dc       0x60 obj\debug\middlewares\third_party\freertos\source\cmsis_rtos\cmsis_os.o
                0x080002dc                osThreadCreate
 .text.osThreadTerminate
                0x0800033c       0x1c obj\debug\middlewares\third_party\freertos\source\cmsis_rtos\cmsis_os.o
                0x0800033c                osThreadTerminate
 .text.osDelay  0x08000358       0x30 obj\debug\middlewares\third_party\freertos\source\cmsis_rtos\cmsis_os.o
                0x08000358                osDelay
 .text.osSemaphoreCreate
                0x08000388       0x58 obj\debug\middlewares\third_party\freertos\source\cmsis_rtos\cmsis_os.o
                0x08000388                osSemaphoreCreate
 .text.osSemaphoreWait
                0x080003e0       0xb0 obj\debug\middlewares\third_party\freertos\source\cmsis_rtos\cmsis_os.o
                0x080003e0                osSemaphoreWait
 .text.osSemaphoreRelease
                0x08000490       0x80 obj\debug\middlewares\third_party\freertos\source\cmsis_rtos\cmsis_os.o
                0x08000490                osSemaphoreRelease
 .text.osSystickHandler
                0x08000510       0x14 obj\debug\middlewares\third_party\freertos\source\cmsis_rtos\cmsis_os.o
                0x08000510                osSystickHandler
 .text.osThreadList
                0x08000524       0x1c obj\debug\middlewares\third_party\freertos\source\cmsis_rtos\cmsis_os.o
                0x08000524                osThreadList
 .text.vListInitialise
                0x08000540       0x40 obj\debug\middlewares\third_party\freertos\source\list.o
                0x08000540                vListInitialise
 .text.vListInitialiseItem
                0x08000580       0x1c obj\debug\middlewares\third_party\freertos\source\list.o
                0x08000580                vListInitialiseItem
 .text.vListInsertEnd
                0x0800059c       0x48 obj\debug\middlewares\third_party\freertos\source\list.o
                0x0800059c                vListInsertEnd
 .text.vListInsert
                0x080005e4       0x74 obj\debug\middlewares\third_party\freertos\source\list.o
                0x080005e4                vListInsert
 .text.uxListRemove
                0x08000658       0x58 obj\debug\middlewares\third_party\freertos\source\list.o
                0x08000658                uxListRemove
 .text.pxPortInitialiseStack
                0x080006b0       0x74 obj\debug\middlewares\third_party\freertos\source\portable\gcc\arm_cm4f\port.o
                0x080006b0                pxPortInitialiseStack
 .text.prvTaskExitError
                0x08000724       0x20 obj\debug\middlewares\third_party\freertos\source\portable\gcc\arm_cm4f\port.o
 .text.SVC_Handler
                0x08000744       0x20 obj\debug\middlewares\third_party\freertos\source\portable\gcc\arm_cm4f\port.o
                0x08000744                SVC_Handler
 .text.prvPortStartFirstTask
                0x08000764       0x20 obj\debug\middlewares\third_party\freertos\source\portable\gcc\arm_cm4f\port.o
 .text.xPortStartScheduler
                0x08000784      0x128 obj\debug\middlewares\third_party\freertos\source\portable\gcc\arm_cm4f\port.o
                0x08000784                xPortStartScheduler
 .text.vPortYield
                0x080008ac       0x20 obj\debug\middlewares\third_party\freertos\source\portable\gcc\arm_cm4f\port.o
                0x080008ac                vPortYield
 .text.vPortEnterCritical
                0x080008cc       0x50 obj\debug\middlewares\third_party\freertos\source\portable\gcc\arm_cm4f\port.o
                0x080008cc                vPortEnterCritical
 .text.vPortExitCritical
                0x0800091c       0x48 obj\debug\middlewares\third_party\freertos\source\portable\gcc\arm_cm4f\port.o
                0x0800091c                vPortExitCritical
 .text.ulPortSetInterruptMask
                0x08000964       0x14 obj\debug\middlewares\third_party\freertos\source\portable\gcc\arm_cm4f\port.o
                0x08000964                ulPortSetInterruptMask
 .text.vPortClearInterruptMask
                0x08000978        0x8 obj\debug\middlewares\third_party\freertos\source\portable\gcc\arm_cm4f\port.o
                0x08000978                vPortClearInterruptMask
 .text.PendSV_Handler
                0x08000980       0x58 obj\debug\middlewares\third_party\freertos\source\portable\gcc\arm_cm4f\port.o
                0x08000980                PendSV_Handler
 .text.xPortSysTickHandler
                0x080009d8       0x2c obj\debug\middlewares\third_party\freertos\source\portable\gcc\arm_cm4f\port.o
                0x080009d8                xPortSysTickHandler
 .text.vPortSetupTimerInterrupt
                0x08000a04       0x40 obj\debug\middlewares\third_party\freertos\source\portable\gcc\arm_cm4f\port.o
                0x08000a04                vPortSetupTimerInterrupt
 .text.vPortEnableVFP
                0x08000a44       0x14 obj\debug\middlewares\third_party\freertos\source\portable\gcc\arm_cm4f\port.o
 .text.vPortValidateInterruptPriority
                0x08000a58       0x64 obj\debug\middlewares\third_party\freertos\source\portable\gcc\arm_cm4f\port.o
                0x08000a58                vPortValidateInterruptPriority
 .text.pvPortMalloc
                0x08000abc      0x1b8 obj\debug\middlewares\third_party\freertos\source\portable\memmang\heap_4.o
                0x08000abc                pvPortMalloc
 .text.vPortFree
                0x08000c74       0xb8 obj\debug\middlewares\third_party\freertos\source\portable\memmang\heap_4.o
                0x08000c74                vPortFree
 .text.prvHeapInit
                0x08000d2c       0xfc obj\debug\middlewares\third_party\freertos\source\portable\memmang\heap_4.o
 .text.prvInsertBlockIntoFreeList
                0x08000e28       0xbc obj\debug\middlewares\third_party\freertos\source\portable\memmang\heap_4.o
 .text.xQueueGenericReset
                0x08000ee4       0xc0 obj\debug\middlewares\third_party\freertos\source\queue.o
                0x08000ee4                xQueueGenericReset
 .text.xQueueGenericCreate
                0x08000fa4       0x90 obj\debug\middlewares\third_party\freertos\source\queue.o
                0x08000fa4                xQueueGenericCreate
 .text.xQueueCreateCountingSemaphore
                0x08001034       0x58 obj\debug\middlewares\third_party\freertos\source\queue.o
                0x08001034                xQueueCreateCountingSemaphore
 .text.xQueueGenericSend
                0x0800108c      0x1ac obj\debug\middlewares\third_party\freertos\source\queue.o
                0x0800108c                xQueueGenericSend
 .text.xQueueGenericSendFromISR
                0x08001238       0xfc obj\debug\middlewares\third_party\freertos\source\queue.o
                0x08001238                xQueueGenericSendFromISR
 .text.xQueueGenericReceive
                0x08001334      0x1dc obj\debug\middlewares\third_party\freertos\source\queue.o
                0x08001334                xQueueGenericReceive
 .text.xQueueReceiveFromISR
                0x08001510       0xc4 obj\debug\middlewares\third_party\freertos\source\queue.o
                0x08001510                xQueueReceiveFromISR
 .text.uxQueueMessagesWaiting
                0x080015d4       0x30 obj\debug\middlewares\third_party\freertos\source\queue.o
                0x080015d4                uxQueueMessagesWaiting
 .text.vQueueDelete
                0x08001604       0x40 obj\debug\middlewares\third_party\freertos\source\queue.o
                0x08001604                vQueueDelete
 .text.prvCopyDataToQueue
                0x08001644       0xe8 obj\debug\middlewares\third_party\freertos\source\queue.o
 .text.prvCopyDataFromQueue
                0x0800172c       0x50 obj\debug\middlewares\third_party\freertos\source\queue.o
 .text.prvUnlockQueue
                0x0800177c       0xa0 obj\debug\middlewares\third_party\freertos\source\queue.o
 .text.prvIsQueueEmpty
                0x0800181c       0x34 obj\debug\middlewares\third_party\freertos\source\queue.o
 .text.prvIsQueueFull
                0x08001850       0x38 obj\debug\middlewares\third_party\freertos\source\queue.o
 .text.vQueueUnregisterQueue
                0x08001888       0x54 obj\debug\middlewares\third_party\freertos\source\queue.o
                0x08001888                vQueueUnregisterQueue
 .text.xTaskGenericCreate
                0x080018dc      0x1c0 obj\debug\middlewares\third_party\freertos\source\tasks.o
                0x080018dc                xTaskGenericCreate
 .text.vTaskDelete
                0x08001a9c      0x124 obj\debug\middlewares\third_party\freertos\source\tasks.o
                0x08001a9c                vTaskDelete
 .text.vTaskDelay
                0x08001bc0       0xa4 obj\debug\middlewares\third_party\freertos\source\tasks.o
                0x08001bc0                vTaskDelay
 .text.vTaskStartScheduler
                0x08001c64       0x7c obj\debug\middlewares\third_party\freertos\source\tasks.o
                0x08001c64                vTaskStartScheduler
 .text.vTaskSuspendAll
                0x08001ce0       0x24 obj\debug\middlewares\third_party\freertos\source\tasks.o
                0x08001ce0                vTaskSuspendAll
 .text.xTaskResumeAll
                0x08001d04      0x174 obj\debug\middlewares\third_party\freertos\source\tasks.o
                0x08001d04                xTaskResumeAll
 .text.xTaskGetTickCount
                0x08001e78       0x28 obj\debug\middlewares\third_party\freertos\source\tasks.o
                0x08001e78                xTaskGetTickCount
 .text.uxTaskGetSystemState
                0x08001ea0      0x104 obj\debug\middlewares\third_party\freertos\source\tasks.o
                0x08001ea0                uxTaskGetSystemState
 .text.xTaskIncrementTick
                0x08001fa4      0x200 obj\debug\middlewares\third_party\freertos\source\tasks.o
                0x08001fa4                xTaskIncrementTick
 .text.vTaskSwitchContext
                0x080021a4       0xc8 obj\debug\middlewares\third_party\freertos\source\tasks.o
                0x080021a4                vTaskSwitchContext
 .text.vTaskPlaceOnEventList
                0x0800226c       0x94 obj\debug\middlewares\third_party\freertos\source\tasks.o
                0x0800226c                vTaskPlaceOnEventList
 .text.xTaskRemoveFromEventList
                0x08002300       0xe0 obj\debug\middlewares\third_party\freertos\source\tasks.o
                0x08002300                xTaskRemoveFromEventList
 .text.vTaskSetTimeOutState
                0x080023e0       0x38 obj\debug\middlewares\third_party\freertos\source\tasks.o
                0x080023e0                vTaskSetTimeOutState
 .text.xTaskCheckForTimeOut
                0x08002418       0x9c obj\debug\middlewares\third_party\freertos\source\tasks.o
                0x08002418                xTaskCheckForTimeOut
 .text.vTaskMissedYield
                0x080024b4       0x18 obj\debug\middlewares\third_party\freertos\source\tasks.o
                0x080024b4                vTaskMissedYield
 .text.prvIdleTask
                0x080024cc       0x24 obj\debug\middlewares\third_party\freertos\source\tasks.o
 .text.prvInitialiseTCBVariables
                0x080024f0       0xa8 obj\debug\middlewares\third_party\freertos\source\tasks.o
 .text.prvInitialiseTaskLists
                0x08002598       0x98 obj\debug\middlewares\third_party\freertos\source\tasks.o
 .text.prvCheckTasksWaitingTermination
                0x08002630       0x9c obj\debug\middlewares\third_party\freertos\source\tasks.o
 .text.prvAddCurrentTaskToDelayedList
                0x080026cc       0x8c obj\debug\middlewares\third_party\freertos\source\tasks.o
 .text.prvAllocateTCBAndStack
                0x08002758       0x70 obj\debug\middlewares\third_party\freertos\source\tasks.o
 .text.prvListTaskWithinSingleList
                0x080027c8      0x11c obj\debug\middlewares\third_party\freertos\source\tasks.o
 .text.prvTaskCheckFreeStackSpace
                0x080028e4       0x40 obj\debug\middlewares\third_party\freertos\source\tasks.o
 .text.prvDeleteTCB
                0x08002924       0x20 obj\debug\middlewares\third_party\freertos\source\tasks.o
 .text.prvResetNextTaskUnblockTime
                0x08002944       0x5c obj\debug\middlewares\third_party\freertos\source\tasks.o
 .text.xTaskGetSchedulerState
                0x080029a0       0x48 obj\debug\middlewares\third_party\freertos\source\tasks.o
                0x080029a0                xTaskGetSchedulerState
 .text.vTaskPriorityInherit
                0x080029e8      0x144 obj\debug\middlewares\third_party\freertos\source\tasks.o
                0x080029e8                vTaskPriorityInherit
 .text.xTaskPriorityDisinherit
                0x08002b2c      0x110 obj\debug\middlewares\third_party\freertos\source\tasks.o
                0x08002b2c                xTaskPriorityDisinherit
 .text.vTaskList
                0x08002c3c      0x118 obj\debug\middlewares\third_party\freertos\source\tasks.o
                0x08002c3c                vTaskList
 .text.pvTaskIncrementMutexHeldCount
                0x08002d54       0x38 obj\debug\middlewares\third_party\freertos\source\tasks.o
                0x08002d54                pvTaskIncrementMutexHeldCount
 .text.LCD_LOG_Init
                0x08002d8c       0x14 obj\debug\utilities\log\lcd_log.o
                0x08002d8c                LCD_LOG_Init
 .text.LCD_LOG_DeInit
                0x08002da0       0xa8 obj\debug\utilities\log\lcd_log.o
                0x08002da0                LCD_LOG_DeInit
 .text.LCD_LOG_SetHeader
                0x08002e48       0xa0 obj\debug\utilities\log\lcd_log.o
                0x08002e48                LCD_LOG_SetHeader
 .text.LCD_LOG_SetFooter
                0x08002ee8       0xc0 obj\debug\utilities\log\lcd_log.o
                0x08002ee8                LCD_LOG_SetFooter
 .text.__io_putchar
                0x08002fa8      0x2b8 obj\debug\utilities\log\lcd_log.o
                0x08002fa8                __io_putchar
 .text.LCD_LOG_UpdateDisplay
                0x08003260      0x188 obj\debug\utilities\log\lcd_log.o
                0x08003260                LCD_LOG_UpdateDisplay
 .text.User_notification
                0x080033e8       0x5c obj\debug\src\app_ethernet.o
                0x080033e8                User_notification
 .text.ethernetif_notify_conn_changed
                0x08003444       0x98 obj\debug\src\app_ethernet.o
                0x08003444                ethernetif_notify_conn_changed
 .text.dhcp_do  0x080034dc      0x1d0 obj\debug\src\app_ethernet.o
                0x080034dc                dhcp_do
 .text.DHCP_thread
                0x080036ac       0x24 obj\debug\src\app_ethernet.o
                0x080036ac                DHCP_thread
 .text.MX_SPI3_Init
                0x080036d0       0xb0 obj\debug\src\ethernetif.o
 .text.ENC_MSPInit
                0x08003780       0xe8 obj\debug\src\ethernetif.o
                0x08003780                ENC_MSPInit
 .text.low_level_init
                0x08003868       0xe8 obj\debug\src\ethernetif.o
 .text.low_level_output
                0x08003950       0xc4 obj\debug\src\ethernetif.o
 .text.low_level_input
                0x08003a14       0xac obj\debug\src\ethernetif.o
 .text.ethernetif_input_do
                0x08003ac0       0x3c obj\debug\src\ethernetif.o
                0x08003ac0                ethernetif_input_do
 .text.ethernetif_init
                0x08003afc       0x58 obj\debug\src\ethernetif.o
                0x08003afc                ethernetif_init
 .text.ethernetif_process_irq_do
                0x08003b54       0x80 obj\debug\src\ethernetif.o
                0x08003b54                ethernetif_process_irq_do
 .text.ethernetif_process_irq
                0x08003bd4       0x38 obj\debug\src\ethernetif.o
                0x08003bd4                ethernetif_process_irq
 .text.ethernet_irq_handler
                0x08003c0c       0x18 obj\debug\src\ethernetif.o
                0x08003c0c                ethernet_irq_handler
 .text.ethernetif_update_config
                0x08003c24       0x2c obj\debug\src\ethernetif.o
                0x08003c24                ethernetif_update_config
 .text.ENC_SPI_SendWithoutSelection
                0x08003c50       0x38 obj\debug\src\ethernetif.o
                0x08003c50                ENC_SPI_SendWithoutSelection
 .text.ENC_SPI_Send
                0x08003c88       0x70 obj\debug\src\ethernetif.o
                0x08003c88                ENC_SPI_Send
 .text.ENC_SPI_SendBuf
                0x08003cf8       0xa8 obj\debug\src\ethernetif.o
                0x08003cf8                ENC_SPI_SendBuf
 .text.ENC_SPI_Select
                0x08003da0       0x54 obj\debug\src\ethernetif.o
                0x08003da0                ENC_SPI_Select
 .text.fs_malloc
                0x08003df4       0x8c obj\debug\src\fs.o
 .text.fs_free  0x08003e80       0x70 obj\debug\src\fs.o
 .text.fs_open  0x08003ef0       0x84 obj\debug\src\fs.o
                0x08003ef0                fs_open
 .text.fs_close
                0x08003f74       0x18 obj\debug\src\fs.o
                0x08003f74                fs_close
 .text.http_server_serve
                0x08003f8c      0x218 obj\debug\src\httpserver-netconn.o
                0x08003f8c                http_server_serve
 .text.http_server_netconn_thread
                0x080041a4       0x7c obj\debug\src\httpserver-netconn.o
 .text.http_server_netconn_init
                0x08004220       0x2c obj\debug\src\httpserver-netconn.o
                0x08004220                http_server_netconn_init
 .text.DynWebPage
                0x0800424c      0x228 obj\debug\src\httpserver-netconn.o
                0x0800424c                DynWebPage
 .text.main     0x08004474       0x38 obj\debug\src\main.o
                0x08004474                main
 .text.StartThread
                0x080044ac       0x84 obj\debug\src\main.o
 .text.Netif_Config
                0x08004530      0x118 obj\debug\src\main.o
 .text.BSP_Config
                0x08004648       0x78 obj\debug\src\main.o
 .text.ToggleLed3
                0x080046c0       0x1c obj\debug\src\main.o
 .text.HAL_GPIO_EXTI_Callback
                0x080046dc       0x28 obj\debug\src\main.o
                0x080046dc                HAL_GPIO_EXTI_Callback
 .text.SystemClock_Config
                0x08004704       0xcc obj\debug\src\main.o
 .text          0x080047d0       0xfc obj\debug\src\startup_stm32f429x.o
                0x080047d0                Reset_Handler
                0x08004812                Default_Handler
                0x08004814                WWDG_IRQHandler
                0x08004816                PVD_IRQHandler
                0x08004818                TAMP_STAMP_IRQHandler
                0x0800481a                RTC_WKUP_IRQHandler
                0x0800481c                FLASH_IRQHandler
                0x0800481e                RCC_IRQHandler
                0x08004820                EXTI0_IRQHandler
                0x08004822                EXTI1_IRQHandler
                0x08004826                EXTI3_IRQHandler
                0x08004828                EXTI4_IRQHandler
                0x0800482a                DMA1_Stream0_IRQHandler
                0x0800482c                DMA1_Stream1_IRQHandler
                0x0800482e                DMA1_Stream2_IRQHandler
                0x08004830                DMA1_Stream3_IRQHandler
                0x08004832                DMA1_Stream4_IRQHandler
                0x08004834                DMA1_Stream5_IRQHandler
                0x08004836                DMA1_Stream6_IRQHandler
                0x08004838                ADC_IRQHandler
                0x0800483a                CAN1_TX_IRQHandler
                0x0800483c                CAN1_RX0_IRQHandler
                0x0800483e                CAN1_RX1_IRQHandler
                0x08004840                CAN1_SCE_IRQHandler
                0x08004842                EXTI9_5_IRQHandler
                0x08004844                TIM1_BRK_TIM9_IRQHandler
                0x08004846                TIM1_UP_TIM10_IRQHandler
                0x08004848                TIM1_TRG_COM_TIM11_IRQHandler
                0x0800484a                TIM1_CC_IRQHandler
                0x0800484c                TIM2_IRQHandler
                0x0800484e                TIM3_IRQHandler
                0x08004850                TIM4_IRQHandler
                0x08004852                I2C1_EV_IRQHandler
                0x08004854                I2C1_ER_IRQHandler
                0x08004856                I2C2_EV_IRQHandler
                0x08004858                I2C2_ER_IRQHandler
                0x0800485a                SPI1_IRQHandler
                0x0800485c                SPI2_IRQHandler
                0x0800485e                USART1_IRQHandler
                0x08004860                USART2_IRQHandler
                0x08004862                USART3_IRQHandler
                0x08004864                EXTI15_10_IRQHandler
                0x08004866                RTC_Alarm_IRQHandler
                0x08004868                OTG_FS_WKUP_IRQHandler
                0x0800486a                TIM8_BRK_TIM12_IRQHandler
                0x0800486c                TIM8_UP_TIM13_IRQHandler
                0x0800486e                TIM8_TRG_COM_TIM14_IRQHandler
                0x08004870                TIM8_CC_IRQHandler
                0x08004872                DMA1_Stream7_IRQHandler
                0x08004874                FMC_IRQHandler
                0x08004876                SDIO_IRQHandler
                0x08004878                TIM5_IRQHandler
                0x0800487a                SPI3_IRQHandler
                0x0800487c                UART4_IRQHandler
                0x0800487e                UART5_IRQHandler
                0x08004880                TIM6_DAC_IRQHandler
                0x08004882                TIM7_IRQHandler
                0x08004884                DMA2_Stream0_IRQHandler
                0x08004886                DMA2_Stream1_IRQHandler
                0x08004888                DMA2_Stream2_IRQHandler
                0x0800488a                DMA2_Stream3_IRQHandler
                0x0800488c                DMA2_Stream4_IRQHandler
                0x0800488e                ETH_IRQHandler
                0x08004890                ETH_WKUP_IRQHandler
                0x08004892                CAN2_TX_IRQHandler
                0x08004894                CAN2_RX0_IRQHandler
                0x08004896                CAN2_RX1_IRQHandler
                0x08004898                CAN2_SCE_IRQHandler
                0x0800489a                OTG_FS_IRQHandler
                0x0800489c                DMA2_Stream5_IRQHandler
                0x0800489e                DMA2_Stream6_IRQHandler
                0x080048a0                DMA2_Stream7_IRQHandler
                0x080048a2                USART6_IRQHandler
                0x080048a4                I2C3_EV_IRQHandler
                0x080048a6                I2C3_ER_IRQHandler
                0x080048a8                OTG_HS_EP1_OUT_IRQHandler
                0x080048aa                OTG_HS_EP1_IN_IRQHandler
                0x080048ac                OTG_HS_WKUP_IRQHandler
                0x080048ae                OTG_HS_IRQHandler
                0x080048b0                DCMI_IRQHandler
                0x080048b2                CRYP_IRQHandler
                0x080048b4                HASH_RNG_IRQHandler
                0x080048b6                FPU_IRQHandler
                0x080048b8                UART7_IRQHandler
                0x080048ba                UART8_IRQHandler
                0x080048bc                SPI4_IRQHandler
                0x080048be                SPI5_IRQHandler
                0x080048c0                SPI6_IRQHandler
                0x080048c2                SAI1_IRQHandler
                0x080048c4                LTDC_IRQHandler
                0x080048c6                LTDC_ER_IRQHandler
                0x080048c8                DMA2D_IRQHandler
 .text.HAL_MspInit
                0x080048cc        0xc obj\debug\src\stm32f4xx_hal_msp.o
                0x080048cc                HAL_MspInit
 .text.HAL_SPI_MspInit
                0x080048d8      0x100 obj\debug\src\stm32f4xx_hal_msp.o
                0x080048d8                HAL_SPI_MspInit
 .text.HAL_SPI_MspDeInit
                0x080049d8       0x58 obj\debug\src\stm32f4xx_hal_msp.o
                0x080049d8                HAL_SPI_MspDeInit
 .text.NMI_Handler
                0x08004a30        0xc obj\debug\src\stm32f4xx_it.o
                0x08004a30                NMI_Handler
 .text.HardFault_Handler
                0x08004a3c        0x8 obj\debug\src\stm32f4xx_it.o
                0x08004a3c                HardFault_Handler
 .text.MemManage_Handler
                0x08004a44        0x8 obj\debug\src\stm32f4xx_it.o
                0x08004a44                MemManage_Handler
 .text.BusFault_Handler
                0x08004a4c        0x8 obj\debug\src\stm32f4xx_it.o
                0x08004a4c                BusFault_Handler
 .text.UsageFault_Handler
                0x08004a54        0x8 obj\debug\src\stm32f4xx_it.o
                0x08004a54                UsageFault_Handler
 .text.DebugMon_Handler
                0x08004a5c        0xc obj\debug\src\stm32f4xx_it.o
                0x08004a5c                DebugMon_Handler
 .text.SysTick_Handler
                0x08004a68       0x10 obj\debug\src\stm32f4xx_it.o
                0x08004a68                SysTick_Handler
 .text.EXTI2_IRQHandler
                0x08004a78       0x10 obj\debug\src\stm32f4xx_it.o
                0x08004a78                EXTI2_IRQHandler
 .text._sbrk    0x08004a88       0x98 obj\debug\src\syscalls.o
                0x08004a88                _sbrk
 .text._kill    0x08004b20       0x28 obj\debug\src\syscalls.o
                0x08004b20                _kill
 .text._exit    0x08004b48       0x14 obj\debug\src\syscalls.o
                0x08004b48                _exit
 .text._write   0x08004b5c       0x44 obj\debug\src\syscalls.o
                0x08004b5c                _write
 .text._close   0x08004ba0       0x18 obj\debug\src\syscalls.o
                0x08004ba0                _close
 .text._fstat   0x08004bb8       0x24 obj\debug\src\syscalls.o
                0x08004bb8                _fstat
 .text._isatty  0x08004bdc       0x18 obj\debug\src\syscalls.o
                0x08004bdc                _isatty
 .text._lseek   0x08004bf4       0x1c obj\debug\src\syscalls.o
                0x08004bf4                _lseek
 .text._read    0x08004c10       0x44 obj\debug\src\syscalls.o
                0x08004c10                _read
 .text.SystemInit
                0x08004c54       0xb0 obj\debug\src\system_stm32f4xx.o
                0x08004c54                SystemInit
 .text.calibrate
                0x08004d04       0x78 obj\debug\~#\lwip_tcp_echo_server\drivers\bsp\components\enc28j60\enc28j60.o
 .text.up_udelay
                0x08004d7c       0x38 obj\debug\~#\lwip_tcp_echo_server\drivers\bsp\components\enc28j60\enc28j60.o
                0x08004d7c                up_udelay
 .text.enc_rdgreg2
                0x08004db4       0x30 obj\debug\~#\lwip_tcp_echo_server\drivers\bsp\components\enc28j60\enc28j60.o
 .text.enc_wrgreg2
                0x08004de4       0x30 obj\debug\~#\lwip_tcp_echo_server\drivers\bsp\components\enc28j60\enc28j60.o
 .text.enc_waitgreg
                0x08004e14       0x68 obj\debug\~#\lwip_tcp_echo_server\drivers\bsp\components\enc28j60\enc28j60.o
 .text.enc_waitwhilegreg
                0x08004e7c       0x68 obj\debug\~#\lwip_tcp_echo_server\drivers\bsp\components\enc28j60\enc28j60.o
 .text.enc_reset
                0x08004ee4       0x28 obj\debug\~#\lwip_tcp_echo_server\drivers\bsp\components\enc28j60\enc28j60.o
                0x08004ee4                enc_reset
 .text.enc_setbank
                0x08004f0c       0x44 obj\debug\~#\lwip_tcp_echo_server\drivers\bsp\components\enc28j60\enc28j60.o
                0x08004f0c                enc_setbank
 .text.enc_rdbreg
                0x08004f50       0x68 obj\debug\~#\lwip_tcp_echo_server\drivers\bsp\components\enc28j60\enc28j60.o
 .text.enc_wrbreg
                0x08004fb8       0x58 obj\debug\~#\lwip_tcp_echo_server\drivers\bsp\components\enc28j60\enc28j60.o
 .text.enc_waitbreg
                0x08005010       0x60 obj\debug\~#\lwip_tcp_echo_server\drivers\bsp\components\enc28j60\enc28j60.o
 .text.enc_rdphy
                0x08005070       0x90 obj\debug\~#\lwip_tcp_echo_server\drivers\bsp\components\enc28j60\enc28j60.o
 .text.enc_wrphy
                0x08005100       0x68 obj\debug\~#\lwip_tcp_echo_server\drivers\bsp\components\enc28j60\enc28j60.o
 .text.ENC_Start
                0x08005168      0x25c obj\debug\~#\lwip_tcp_echo_server\drivers\bsp\components\enc28j60\enc28j60.o
                0x08005168                ENC_Start
 .text.ENC_SetMacAddr
                0x080053c4       0x90 obj\debug\~#\lwip_tcp_echo_server\drivers\bsp\components\enc28j60\enc28j60.o
                0x080053c4                ENC_SetMacAddr
 .text.ENC_WriteBuffer
                0x08005454       0x34 obj\debug\~#\lwip_tcp_echo_server\drivers\bsp\components\enc28j60\enc28j60.o
                0x08005454                ENC_WriteBuffer
 .text.enc_rdbuffer
                0x08005488       0x34 obj\debug\~#\lwip_tcp_echo_server\drivers\bsp\components\enc28j60\enc28j60.o
 .text.ENC_RestoreTXBuffer
                0x080054bc       0xd8 obj\debug\~#\lwip_tcp_echo_server\drivers\bsp\components\enc28j60\enc28j60.o
                0x080054bc                ENC_RestoreTXBuffer
 .text.ENC_Transmit
                0x08005594       0xec obj\debug\~#\lwip_tcp_echo_server\drivers\bsp\components\enc28j60\enc28j60.o
                0x08005594                ENC_Transmit
 .text.ENC_GetReceivedFrame
                0x08005680      0x140 obj\debug\~#\lwip_tcp_echo_server\drivers\bsp\components\enc28j60\enc28j60.o
                0x08005680                ENC_GetReceivedFrame
 .text.enc_linkstatus
                0x080057c0       0x24 obj\debug\~#\lwip_tcp_echo_server\drivers\bsp\components\enc28j60\enc28j60.o
 .text.ENC_EnableInterrupts
                0x080057e4       0x20 obj\debug\~#\lwip_tcp_echo_server\drivers\bsp\components\enc28j60\enc28j60.o
                0x080057e4                ENC_EnableInterrupts
 .text.ENC_IRQHandler
                0x08005804       0x70 obj\debug\~#\lwip_tcp_echo_server\drivers\bsp\components\enc28j60\enc28j60.o
                0x08005804                ENC_IRQHandler
 .text.ili9341_Init
                0x08005874      0x36c obj\debug\~#\lwip_tcp_echo_server\drivers\bsp\components\ili9341\ili9341.o
                0x08005874                ili9341_Init
 .text.ili9341_ReadID
                0x08005be0       0x1c obj\debug\~#\lwip_tcp_echo_server\drivers\bsp\components\ili9341\ili9341.o
                0x08005be0                ili9341_ReadID
 .text.ili9341_DisplayOn
                0x08005bfc       0x10 obj\debug\~#\lwip_tcp_echo_server\drivers\bsp\components\ili9341\ili9341.o
                0x08005bfc                ili9341_DisplayOn
 .text.ili9341_DisplayOff
                0x08005c0c       0x10 obj\debug\~#\lwip_tcp_echo_server\drivers\bsp\components\ili9341\ili9341.o
                0x08005c0c                ili9341_DisplayOff
 .text.ili9341_WriteReg
                0x08005c1c       0x1c obj\debug\~#\lwip_tcp_echo_server\drivers\bsp\components\ili9341\ili9341.o
                0x08005c1c                ili9341_WriteReg
 .text.ili9341_WriteData
                0x08005c38       0x1c obj\debug\~#\lwip_tcp_echo_server\drivers\bsp\components\ili9341\ili9341.o
                0x08005c38                ili9341_WriteData
 .text.ili9341_ReadData
                0x08005c54       0x28 obj\debug\~#\lwip_tcp_echo_server\drivers\bsp\components\ili9341\ili9341.o
                0x08005c54                ili9341_ReadData
 .text.ili9341_GetLcdPixelWidth
                0x08005c7c       0x10 obj\debug\~#\lwip_tcp_echo_server\drivers\bsp\components\ili9341\ili9341.o
                0x08005c7c                ili9341_GetLcdPixelWidth
 .text.ili9341_GetLcdPixelHeight
                0x08005c8c       0x10 obj\debug\~#\lwip_tcp_echo_server\drivers\bsp\components\ili9341\ili9341.o
                0x08005c8c                ili9341_GetLcdPixelHeight
 .text.BSP_LED_Init
                0x08005c9c       0xd8 obj\debug\~#\lwip_tcp_echo_server\drivers\bsp\stm32f429i-discovery\stm32f429i_discovery.o
                0x08005c9c                BSP_LED_Init
 .text.BSP_LED_Toggle
                0x08005d74       0x38 obj\debug\~#\lwip_tcp_echo_server\drivers\bsp\stm32f429i-discovery\stm32f429i_discovery.o
                0x08005d74                BSP_LED_Toggle
 .text.SPIx_Init
                0x08005dac       0xdc obj\debug\~#\lwip_tcp_echo_server\drivers\bsp\stm32f429i-discovery\stm32f429i_discovery.o
 .text.SPIx_Read
                0x08005e88       0x48 obj\debug\~#\lwip_tcp_echo_server\drivers\bsp\stm32f429i-discovery\stm32f429i_discovery.o
 .text.SPIx_Write
                0x08005ed0       0x48 obj\debug\~#\lwip_tcp_echo_server\drivers\bsp\stm32f429i-discovery\stm32f429i_discovery.o
 .text.SPIx_Error
                0x08005f18       0x18 obj\debug\~#\lwip_tcp_echo_server\drivers\bsp\stm32f429i-discovery\stm32f429i_discovery.o
 .text.SPIx_MspInit
                0x08005f30       0x94 obj\debug\~#\lwip_tcp_echo_server\drivers\bsp\stm32f429i-discovery\stm32f429i_discovery.o
 .text.LCD_IO_Init
                0x08005fc4      0x154 obj\debug\~#\lwip_tcp_echo_server\drivers\bsp\stm32f429i-discovery\stm32f429i_discovery.o
                0x08005fc4                LCD_IO_Init
 .text.LCD_IO_WriteData
                0x08006118       0x58 obj\debug\~#\lwip_tcp_echo_server\drivers\bsp\stm32f429i-discovery\stm32f429i_discovery.o
                0x08006118                LCD_IO_WriteData
 .text.LCD_IO_WriteReg
                0x08006170       0x58 obj\debug\~#\lwip_tcp_echo_server\drivers\bsp\stm32f429i-discovery\stm32f429i_discovery.o
                0x08006170                LCD_IO_WriteReg
 .text.LCD_IO_ReadData
                0x080061c8       0x84 obj\debug\~#\lwip_tcp_echo_server\drivers\bsp\stm32f429i-discovery\stm32f429i_discovery.o
                0x080061c8                LCD_IO_ReadData
 .text.LCD_Delay
                0x0800624c       0x18 obj\debug\~#\lwip_tcp_echo_server\drivers\bsp\stm32f429i-discovery\stm32f429i_discovery.o
                0x0800624c                LCD_Delay
 .text.BSP_LCD_Init
                0x08006264      0x17c obj\debug\~#\lwip_tcp_echo_server\drivers\bsp\stm32f429i-discovery\stm32f429i_discovery_lcd.o
                0x08006264                BSP_LCD_Init
 .text.BSP_LCD_GetXSize
                0x080063e0       0x18 obj\debug\~#\lwip_tcp_echo_server\drivers\bsp\stm32f429i-discovery\stm32f429i_discovery_lcd.o
                0x080063e0                BSP_LCD_GetXSize
 .text.BSP_LCD_GetYSize
                0x080063f8       0x18 obj\debug\~#\lwip_tcp_echo_server\drivers\bsp\stm32f429i-discovery\stm32f429i_discovery_lcd.o
                0x080063f8                BSP_LCD_GetYSize
 .text.BSP_LCD_LayerDefaultInit
                0x08006410      0x104 obj\debug\~#\lwip_tcp_echo_server\drivers\bsp\stm32f429i-discovery\stm32f429i_discovery_lcd.o
                0x08006410                BSP_LCD_LayerDefaultInit
 .text.BSP_LCD_SelectLayer
                0x08006514       0x20 obj\debug\~#\lwip_tcp_echo_server\drivers\bsp\stm32f429i-discovery\stm32f429i_discovery_lcd.o
                0x08006514                BSP_LCD_SelectLayer
 .text.BSP_LCD_SetTextColor
                0x08006534       0x38 obj\debug\~#\lwip_tcp_echo_server\drivers\bsp\stm32f429i-discovery\stm32f429i_discovery_lcd.o
                0x08006534                BSP_LCD_SetTextColor
 .text.BSP_LCD_SetBackColor
                0x0800656c       0x3c obj\debug\~#\lwip_tcp_echo_server\drivers\bsp\stm32f429i-discovery\stm32f429i_discovery_lcd.o
                0x0800656c                BSP_LCD_SetBackColor
 .text.BSP_LCD_SetFont
                0x080065a8       0x3c obj\debug\~#\lwip_tcp_echo_server\drivers\bsp\stm32f429i-discovery\stm32f429i_discovery_lcd.o
                0x080065a8                BSP_LCD_SetFont
 .text.BSP_LCD_GetFont
                0x080065e4       0x34 obj\debug\~#\lwip_tcp_echo_server\drivers\bsp\stm32f429i-discovery\stm32f429i_discovery_lcd.o
                0x080065e4                BSP_LCD_GetFont
 .text.BSP_LCD_Clear
                0x08006618       0x60 obj\debug\~#\lwip_tcp_echo_server\drivers\bsp\stm32f429i-discovery\stm32f429i_discovery_lcd.o
                0x08006618                BSP_LCD_Clear
 .text.BSP_LCD_DisplayChar
                0x08006678       0xc4 obj\debug\~#\lwip_tcp_echo_server\drivers\bsp\stm32f429i-discovery\stm32f429i_discovery_lcd.o
                0x08006678                BSP_LCD_DisplayChar
 .text.BSP_LCD_DisplayStringAt
                0x0800673c      0x1fc obj\debug\~#\lwip_tcp_echo_server\drivers\bsp\stm32f429i-discovery\stm32f429i_discovery_lcd.o
                0x0800673c                BSP_LCD_DisplayStringAt
 .text.BSP_LCD_DisplayStringAtLine
                0x08006938       0x34 obj\debug\~#\lwip_tcp_echo_server\drivers\bsp\stm32f429i-discovery\stm32f429i_discovery_lcd.o
                0x08006938                BSP_LCD_DisplayStringAtLine
 .text.BSP_LCD_FillRect
                0x0800696c       0xd0 obj\debug\~#\lwip_tcp_echo_server\drivers\bsp\stm32f429i-discovery\stm32f429i_discovery_lcd.o
                0x0800696c                BSP_LCD_FillRect
 .text.MspInit  0x08006a3c      0x22c obj\debug\~#\lwip_tcp_echo_server\drivers\bsp\stm32f429i-discovery\stm32f429i_discovery_lcd.o
 .text.BSP_LCD_DrawPixel
                0x08006c68       0x54 obj\debug\~#\lwip_tcp_echo_server\drivers\bsp\stm32f429i-discovery\stm32f429i_discovery_lcd.o
                0x08006c68                BSP_LCD_DrawPixel
 .text.DrawChar
                0x08006cbc      0x1f0 obj\debug\~#\lwip_tcp_echo_server\drivers\bsp\stm32f429i-discovery\stm32f429i_discovery_lcd.o
 .text.FillBuffer
                0x08006eac       0xa4 obj\debug\~#\lwip_tcp_echo_server\drivers\bsp\stm32f429i-discovery\stm32f429i_discovery_lcd.o
 .text.BSP_SDRAM_Init
                0x08006f50      0x128 obj\debug\~#\lwip_tcp_echo_server\drivers\bsp\stm32f429i-discovery\stm32f429i_discovery_sdram.o
                0x08006f50                BSP_SDRAM_Init
 .text.BSP_SDRAM_Initialization_sequence
                0x08007078      0x170 obj\debug\~#\lwip_tcp_echo_server\drivers\bsp\stm32f429i-discovery\stm32f429i_discovery_sdram.o
                0x08007078                BSP_SDRAM_Initialization_sequence
 .text.MspInit  0x080071e8      0x314 obj\debug\~#\lwip_tcp_echo_server\drivers\bsp\stm32f429i-discovery\stm32f429i_discovery_sdram.o
 .text.HAL_Init
                0x080074fc       0x68 obj\debug\~#\lwip_tcp_echo_server\drivers\stm32f4xx_hal_driver\src\stm32f4xx_hal.o
                0x080074fc                HAL_Init
 .text.HAL_InitTick
                0x08007564       0x40 obj\debug\~#\lwip_tcp_echo_server\drivers\stm32f4xx_hal_driver\src\stm32f4xx_hal.o
                0x08007564                HAL_InitTick
 .text.HAL_IncTick
                0x080075a4       0x24 obj\debug\~#\lwip_tcp_echo_server\drivers\stm32f4xx_hal_driver\src\stm32f4xx_hal.o
                0x080075a4                HAL_IncTick
 .text.HAL_GetTick
                0x080075c8       0x18 obj\debug\~#\lwip_tcp_echo_server\drivers\stm32f4xx_hal_driver\src\stm32f4xx_hal.o
                0x080075c8                HAL_GetTick
 .text.HAL_Delay
                0x080075e0       0x30 obj\debug\~#\lwip_tcp_echo_server\drivers\stm32f4xx_hal_driver\src\stm32f4xx_hal.o
                0x080075e0                HAL_Delay
 .text.NVIC_SetPriorityGrouping
                0x08007610       0x50 obj\debug\~#\lwip_tcp_echo_server\drivers\stm32f4xx_hal_driver\src\stm32f4xx_hal_cortex.o
 .text.NVIC_GetPriorityGrouping
                0x08007660       0x20 obj\debug\~#\lwip_tcp_echo_server\drivers\stm32f4xx_hal_driver\src\stm32f4xx_hal_cortex.o
 .text.NVIC_EnableIRQ
                0x08007680       0x38 obj\debug\~#\lwip_tcp_echo_server\drivers\stm32f4xx_hal_driver\src\stm32f4xx_hal_cortex.o
 .text.NVIC_DisableIRQ
                0x080076b8       0x3c obj\debug\~#\lwip_tcp_echo_server\drivers\stm32f4xx_hal_driver\src\stm32f4xx_hal_cortex.o
 .text.NVIC_SetPriority
                0x080076f4       0x5c obj\debug\~#\lwip_tcp_echo_server\drivers\stm32f4xx_hal_driver\src\stm32f4xx_hal_cortex.o
 .text.NVIC_EncodePriority
                0x08007750       0x78 obj\debug\~#\lwip_tcp_echo_server\drivers\stm32f4xx_hal_driver\src\stm32f4xx_hal_cortex.o
 .text.SysTick_Config
                0x080077c8       0x64 obj\debug\~#\lwip_tcp_echo_server\drivers\stm32f4xx_hal_driver\src\stm32f4xx_hal_cortex.o
 .text.HAL_NVIC_SetPriorityGrouping
                0x0800782c       0x18 obj\debug\~#\lwip_tcp_echo_server\drivers\stm32f4xx_hal_driver\src\stm32f4xx_hal_cortex.o
                0x0800782c                HAL_NVIC_SetPriorityGrouping
 .text.HAL_NVIC_SetPriority
                0x08007844       0x3c obj\debug\~#\lwip_tcp_echo_server\drivers\stm32f4xx_hal_driver\src\stm32f4xx_hal_cortex.o
                0x08007844                HAL_NVIC_SetPriority
 .text.HAL_NVIC_EnableIRQ
                0x08007880       0x1c obj\debug\~#\lwip_tcp_echo_server\drivers\stm32f4xx_hal_driver\src\stm32f4xx_hal_cortex.o
                0x08007880                HAL_NVIC_EnableIRQ
 .text.HAL_NVIC_DisableIRQ
                0x0800789c       0x1c obj\debug\~#\lwip_tcp_echo_server\drivers\stm32f4xx_hal_driver\src\stm32f4xx_hal_cortex.o
                0x0800789c                HAL_NVIC_DisableIRQ
 .text.HAL_SYSTICK_Config
                0x080078b8       0x1c obj\debug\~#\lwip_tcp_echo_server\drivers\stm32f4xx_hal_driver\src\stm32f4xx_hal_cortex.o
                0x080078b8                HAL_SYSTICK_Config
 .text.HAL_DMA_Init
                0x080078d4       0xe4 obj\debug\~#\lwip_tcp_echo_server\drivers\stm32f4xx_hal_driver\src\stm32f4xx_hal_dma.o
                0x080078d4                HAL_DMA_Init
 .text.HAL_DMA_DeInit
                0x080079b8     0x1a2c obj\debug\~#\lwip_tcp_echo_server\drivers\stm32f4xx_hal_driver\src\stm32f4xx_hal_dma.o
                0x080079b8                HAL_DMA_DeInit
 .text.HAL_DMA2D_Init
                0x080093e4       0xcc obj\debug\~#\lwip_tcp_echo_server\drivers\stm32f4xx_hal_driver\src\stm32f4xx_hal_dma2d.o
                0x080093e4                HAL_DMA2D_Init
 .text.HAL_DMA2D_MspInit
                0x080094b0       0x14 obj\debug\~#\lwip_tcp_echo_server\drivers\stm32f4xx_hal_driver\src\stm32f4xx_hal_dma2d.o
                0x080094b0                HAL_DMA2D_MspInit
 .text.HAL_DMA2D_Start
                0x080094c4       0x70 obj\debug\~#\lwip_tcp_echo_server\drivers\stm32f4xx_hal_driver\src\stm32f4xx_hal_dma2d.o
                0x080094c4                HAL_DMA2D_Start
 .text.HAL_DMA2D_PollForTransfer
                0x08009534      0x188 obj\debug\~#\lwip_tcp_echo_server\drivers\stm32f4xx_hal_driver\src\stm32f4xx_hal_dma2d.o
                0x08009534                HAL_DMA2D_PollForTransfer
 .text.HAL_DMA2D_ConfigLayer
                0x080096bc      0x1e8 obj\debug\~#\lwip_tcp_echo_server\drivers\stm32f4xx_hal_driver\src\stm32f4xx_hal_dma2d.o
                0x080096bc                HAL_DMA2D_ConfigLayer
 .text.DMA2D_SetConfig
                0x080098a4      0x178 obj\debug\~#\lwip_tcp_echo_server\drivers\stm32f4xx_hal_driver\src\stm32f4xx_hal_dma2d.o
 .text.HAL_GPIO_Init
                0x08009a1c      0x410 obj\debug\~#\lwip_tcp_echo_server\drivers\stm32f4xx_hal_driver\src\stm32f4xx_hal_gpio.o
                0x08009a1c                HAL_GPIO_Init
 .text.HAL_GPIO_DeInit
                0x08009e2c      0x2c8 obj\debug\~#\lwip_tcp_echo_server\drivers\stm32f4xx_hal_driver\src\stm32f4xx_hal_gpio.o
                0x08009e2c                HAL_GPIO_DeInit
 .text.HAL_GPIO_WritePin
                0x0800a0f4       0x34 obj\debug\~#\lwip_tcp_echo_server\drivers\stm32f4xx_hal_driver\src\stm32f4xx_hal_gpio.o
                0x0800a0f4                HAL_GPIO_WritePin
 .text.HAL_GPIO_TogglePin
                0x0800a128       0x24 obj\debug\~#\lwip_tcp_echo_server\drivers\stm32f4xx_hal_driver\src\stm32f4xx_hal_gpio.o
                0x0800a128                HAL_GPIO_TogglePin
 .text.HAL_GPIO_EXTI_IRQHandler
                0x0800a14c       0x38 obj\debug\~#\lwip_tcp_echo_server\drivers\stm32f4xx_hal_driver\src\stm32f4xx_hal_gpio.o
                0x0800a14c                HAL_GPIO_EXTI_IRQHandler
 .text.HAL_LTDC_Init
                0x0800a184      0x1e8 obj\debug\~#\lwip_tcp_echo_server\drivers\stm32f4xx_hal_driver\src\stm32f4xx_hal_ltdc.o
                0x0800a184                HAL_LTDC_Init
 .text.HAL_LTDC_MspInit
                0x0800a36c       0x14 obj\debug\~#\lwip_tcp_echo_server\drivers\stm32f4xx_hal_driver\src\stm32f4xx_hal_ltdc.o
                0x0800a36c                HAL_LTDC_MspInit
 .text.HAL_LTDC_ConfigLayer
                0x0800a380       0x90 obj\debug\~#\lwip_tcp_echo_server\drivers\stm32f4xx_hal_driver\src\stm32f4xx_hal_ltdc.o
                0x0800a380                HAL_LTDC_ConfigLayer
 .text.HAL_LTDC_EnableDither
                0x0800a410       0x68 obj\debug\~#\lwip_tcp_echo_server\drivers\stm32f4xx_hal_driver\src\stm32f4xx_hal_ltdc.o
                0x0800a410                HAL_LTDC_EnableDither
 .text.LTDC_SetConfig
                0x0800a478      0x3e0 obj\debug\~#\lwip_tcp_echo_server\drivers\stm32f4xx_hal_driver\src\stm32f4xx_hal_ltdc.o
 .text.HAL_PWREx_EnableOverDrive
                0x0800a858      0x104 obj\debug\~#\lwip_tcp_echo_server\drivers\stm32f4xx_hal_driver\src\stm32f4xx_hal_pwr_ex.o
                0x0800a858                HAL_PWREx_EnableOverDrive
 .text.HAL_RCC_OscConfig
                0x0800a95c      0x5f0 obj\debug\~#\lwip_tcp_echo_server\drivers\stm32f4xx_hal_driver\src\stm32f4xx_hal_rcc.o
                0x0800a95c                HAL_RCC_OscConfig
 .text.HAL_RCC_ClockConfig
                0x0800af4c      0x3ec obj\debug\~#\lwip_tcp_echo_server\drivers\stm32f4xx_hal_driver\src\stm32f4xx_hal_rcc.o
                0x0800af4c                HAL_RCC_ClockConfig
 .text.HAL_RCC_GetSysClockFreq
                0x0800b338      0x164 obj\debug\~#\lwip_tcp_echo_server\drivers\stm32f4xx_hal_driver\src\stm32f4xx_hal_rcc.o
                0x0800b338                HAL_RCC_GetSysClockFreq
 .text.HAL_RCC_GetHCLKFreq
                0x0800b49c       0x68 obj\debug\~#\lwip_tcp_echo_server\drivers\stm32f4xx_hal_driver\src\stm32f4xx_hal_rcc.o
                0x0800b49c                HAL_RCC_GetHCLKFreq
 .text.HAL_RCCEx_PeriphCLKConfig
                0x0800b504      0x608 obj\debug\~#\lwip_tcp_echo_server\drivers\stm32f4xx_hal_driver\src\stm32f4xx_hal_rcc_ex.o
                0x0800b504                HAL_RCCEx_PeriphCLKConfig
 .text.HAL_SDRAM_Init
                0x0800bb0c       0x78 obj\debug\~#\lwip_tcp_echo_server\drivers\stm32f4xx_hal_driver\src\stm32f4xx_hal_sdram.o
                0x0800bb0c                HAL_SDRAM_Init
 .text.HAL_SDRAM_MspInit
                0x0800bb84       0x14 obj\debug\~#\lwip_tcp_echo_server\drivers\stm32f4xx_hal_driver\src\stm32f4xx_hal_sdram.o
                0x0800bb84                HAL_SDRAM_MspInit
 .text.HAL_SDRAM_SendCommand
                0x0800bb98       0x64 obj\debug\~#\lwip_tcp_echo_server\drivers\stm32f4xx_hal_driver\src\stm32f4xx_hal_sdram.o
                0x0800bb98                HAL_SDRAM_SendCommand
 .text.HAL_SDRAM_ProgramRefreshRate
                0x0800bbfc       0x4c obj\debug\~#\lwip_tcp_echo_server\drivers\stm32f4xx_hal_driver\src\stm32f4xx_hal_sdram.o
                0x0800bbfc                HAL_SDRAM_ProgramRefreshRate
 .text.HAL_SPI_Init
                0x0800bc48       0xdc obj\debug\~#\lwip_tcp_echo_server\drivers\stm32f4xx_hal_driver\src\stm32f4xx_hal_spi.o
                0x0800bc48                HAL_SPI_Init
 .text.HAL_SPI_DeInit
                0x0800bd24       0x54 obj\debug\~#\lwip_tcp_echo_server\drivers\stm32f4xx_hal_driver\src\stm32f4xx_hal_spi.o
                0x0800bd24                HAL_SPI_DeInit
 .text.HAL_SPI_Transmit
                0x0800bd78      0x2c4 obj\debug\~#\lwip_tcp_echo_server\drivers\stm32f4xx_hal_driver\src\stm32f4xx_hal_spi.o
                0x0800bd78                HAL_SPI_Transmit
 .text.HAL_SPI_Receive
                0x0800c03c      0x358 obj\debug\~#\lwip_tcp_echo_server\drivers\stm32f4xx_hal_driver\src\stm32f4xx_hal_spi.o
                0x0800c03c                HAL_SPI_Receive
 .text.HAL_SPI_TransmitReceive
                0x0800c394      0x540 obj\debug\~#\lwip_tcp_echo_server\drivers\stm32f4xx_hal_driver\src\stm32f4xx_hal_spi.o
                0x0800c394                HAL_SPI_TransmitReceive
 .text.HAL_SPI_GetState
                0x0800c8d4       0x1c obj\debug\~#\lwip_tcp_echo_server\drivers\stm32f4xx_hal_driver\src\stm32f4xx_hal_spi.o
                0x0800c8d4                HAL_SPI_GetState
 .text.SPI_WaitOnFlagUntilTimeout
                0x0800c8f0      0x15c obj\debug\~#\lwip_tcp_echo_server\drivers\stm32f4xx_hal_driver\src\stm32f4xx_hal_spi.o
 .text.FMC_SDRAM_Init
                0x0800ca4c       0xf0 obj\debug\~#\lwip_tcp_echo_server\drivers\stm32f4xx_hal_driver\src\stm32f4xx_ll_fmc.o
                0x0800ca4c                FMC_SDRAM_Init
 .text.FMC_SDRAM_Timing_Init
                0x0800cb3c      0x134 obj\debug\~#\lwip_tcp_echo_server\drivers\stm32f4xx_hal_driver\src\stm32f4xx_ll_fmc.o
                0x0800cb3c                FMC_SDRAM_Timing_Init
 .text.FMC_SDRAM_SendCommand
                0x0800cc70       0x90 obj\debug\~#\lwip_tcp_echo_server\drivers\stm32f4xx_hal_driver\src\stm32f4xx_ll_fmc.o
                0x0800cc70                FMC_SDRAM_SendCommand
 .text.FMC_SDRAM_ProgramRefreshRate
                0x0800cd00       0x2c obj\debug\~#\lwip_tcp_echo_server\drivers\stm32f4xx_hal_driver\src\stm32f4xx_ll_fmc.o
                0x0800cd00                FMC_SDRAM_ProgramRefreshRate
 .text.netconn_new_with_proto_and_callback
                0x0800cd2c       0x9c obj\debug\~#\lwip_tcp_echo_server\middlewares\third_party\lwip\src\api\api_lib.o
                0x0800cd2c                netconn_new_with_proto_and_callback
 .text.netconn_delete
                0x0800cdc8       0x44 obj\debug\~#\lwip_tcp_echo_server\middlewares\third_party\lwip\src\api\api_lib.o
                0x0800cdc8                netconn_delete
 .text.netconn_bind
                0x0800ce0c       0x64 obj\debug\~#\lwip_tcp_echo_server\middlewares\third_party\lwip\src\api\api_lib.o
                0x0800ce0c                netconn_bind
 .text.netconn_listen_with_backlog
                0x0800ce70       0x5c obj\debug\~#\lwip_tcp_echo_server\middlewares\third_party\lwip\src\api\api_lib.o
                0x0800ce70                netconn_listen_with_backlog
 .text.netconn_accept
                0x0800cecc       0xbc obj\debug\~#\lwip_tcp_echo_server\middlewares\third_party\lwip\src\api\api_lib.o
                0x0800cecc                netconn_accept
 .text.netconn_recv_data
                0x0800cf88      0x130 obj\debug\~#\lwip_tcp_echo_server\middlewares\third_party\lwip\src\api\api_lib.o
 .text.netconn_recv
                0x0800d0b8       0xe4 obj\debug\~#\lwip_tcp_echo_server\middlewares\third_party\lwip\src\api\api_lib.o
                0x0800d0b8                netconn_recv
 .text.netconn_write_partly
                0x0800d19c       0xe0 obj\debug\~#\lwip_tcp_echo_server\middlewares\third_party\lwip\src\api\api_lib.o
                0x0800d19c                netconn_write_partly
 .text.netconn_close_shutdown
                0x0800d27c       0x60 obj\debug\~#\lwip_tcp_echo_server\middlewares\third_party\lwip\src\api\api_lib.o
 .text.netconn_close
                0x0800d2dc       0x20 obj\debug\~#\lwip_tcp_echo_server\middlewares\third_party\lwip\src\api\api_lib.o
                0x0800d2dc                netconn_close
 .text.recv_raw
                0x0800d2fc       0xf0 obj\debug\~#\lwip_tcp_echo_server\middlewares\third_party\lwip\src\api\api_msg.o
 .text.recv_udp
                0x0800d3ec       0xb0 obj\debug\~#\lwip_tcp_echo_server\middlewares\third_party\lwip\src\api\api_msg.o
 .text.recv_tcp
                0x0800d49c       0xb4 obj\debug\~#\lwip_tcp_echo_server\middlewares\third_party\lwip\src\api\api_msg.o
 .text.poll_tcp
                0x0800d550       0x94 obj\debug\~#\lwip_tcp_echo_server\middlewares\third_party\lwip\src\api\api_msg.o
 .text.sent_tcp
                0x0800d5e4       0x90 obj\debug\~#\lwip_tcp_echo_server\middlewares\third_party\lwip\src\api\api_msg.o
 .text.err_tcp  0x0800d674      0x118 obj\debug\~#\lwip_tcp_echo_server\middlewares\third_party\lwip\src\api\api_msg.o
 .text.setup_tcp
                0x0800d78c       0x5c obj\debug\~#\lwip_tcp_echo_server\middlewares\third_party\lwip\src\api\api_msg.o
 .text.accept_function
                0x0800d7e8      0x100 obj\debug\~#\lwip_tcp_echo_server\middlewares\third_party\lwip\src\api\api_msg.o
 .text.pcb_new  0x0800d8e8       0xf4 obj\debug\~#\lwip_tcp_echo_server\middlewares\third_party\lwip\src\api\api_msg.o
 .text.do_newconn
                0x0800d9dc       0x38 obj\debug\~#\lwip_tcp_echo_server\middlewares\third_party\lwip\src\api\api_msg.o
                0x0800d9dc                do_newconn
 .text.netconn_alloc
                0x0800da14       0xf0 obj\debug\~#\lwip_tcp_echo_server\middlewares\third_party\lwip\src\api\api_msg.o
                0x0800da14                netconn_alloc
 .text.netconn_free
                0x0800db04       0x4c obj\debug\~#\lwip_tcp_echo_server\middlewares\third_party\lwip\src\api\api_msg.o
                0x0800db04                netconn_free
 .text.netconn_drain
                0x0800db50      0x108 obj\debug\~#\lwip_tcp_echo_server\middlewares\third_party\lwip\src\api\api_msg.o
 .text.do_close_internal
                0x0800dc58      0x1c4 obj\debug\~#\lwip_tcp_echo_server\middlewares\third_party\lwip\src\api\api_msg.o
 .text.do_delconn
                0x0800de1c      0x130 obj\debug\~#\lwip_tcp_echo_server\middlewares\third_party\lwip\src\api\api_msg.o
                0x0800de1c                do_delconn
 .text.do_bind  0x0800df4c       0xc4 obj\debug\~#\lwip_tcp_echo_server\middlewares\third_party\lwip\src\api\api_msg.o
                0x0800df4c                do_bind
 .text.do_listen
                0x0800e010      0x144 obj\debug\~#\lwip_tcp_echo_server\middlewares\third_party\lwip\src\api\api_msg.o
                0x0800e010                do_listen
 .text.do_recv  0x0800e154       0x74 obj\debug\~#\lwip_tcp_echo_server\middlewares\third_party\lwip\src\api\api_msg.o
                0x0800e154                do_recv
 .text.do_writemore
                0x0800e1c8      0x1ec obj\debug\~#\lwip_tcp_echo_server\middlewares\third_party\lwip\src\api\api_msg.o
 .text.do_write
                0x0800e3b4       0xa4 obj\debug\~#\lwip_tcp_echo_server\middlewares\third_party\lwip\src\api\api_msg.o
                0x0800e3b4                do_write
 .text.do_close
                0x0800e458       0xb0 obj\debug\~#\lwip_tcp_echo_server\middlewares\third_party\lwip\src\api\api_msg.o
                0x0800e458                do_close
 .text.netbuf_delete
                0x0800e508       0x44 obj\debug\~#\lwip_tcp_echo_server\middlewares\third_party\lwip\src\api\netbuf.o
                0x0800e508                netbuf_delete
 .text.netbuf_data
                0x0800e54c       0x64 obj\debug\~#\lwip_tcp_echo_server\middlewares\third_party\lwip\src\api\netbuf.o
                0x0800e54c                netbuf_data
 .text.tcpip_thread
                0x0800e5b0      0x12c obj\debug\~#\lwip_tcp_echo_server\middlewares\third_party\lwip\src\api\tcpip.o
 .text.tcpip_input
                0x0800e6dc       0x80 obj\debug\~#\lwip_tcp_echo_server\middlewares\third_party\lwip\src\api\tcpip.o
                0x0800e6dc                tcpip_input
 .text.tcpip_callback_with_block
                0x0800e75c       0x9c obj\debug\~#\lwip_tcp_echo_server\middlewares\third_party\lwip\src\api\tcpip.o
                0x0800e75c                tcpip_callback_with_block
 .text.tcpip_apimsg
                0x0800e7f8       0x68 obj\debug\~#\lwip_tcp_echo_server\middlewares\third_party\lwip\src\api\tcpip.o
                0x0800e7f8                tcpip_apimsg
 .text.tcpip_init
                0x0800e860       0x60 obj\debug\~#\lwip_tcp_echo_server\middlewares\third_party\lwip\src\api\tcpip.o
                0x0800e860                tcpip_init
 .text.lwip_htons
                0x0800e8c0       0x30 obj\debug\~#\lwip_tcp_echo_server\middlewares\third_party\lwip\src\core\def.o
                0x0800e8c0                lwip_htons
 .text.lwip_ntohs
                0x0800e8f0       0x20 obj\debug\~#\lwip_tcp_echo_server\middlewares\third_party\lwip\src\core\def.o
                0x0800e8f0                lwip_ntohs
 .text.lwip_htonl
                0x0800e910       0x3c obj\debug\~#\lwip_tcp_echo_server\middlewares\third_party\lwip\src\core\def.o
                0x0800e910                lwip_htonl
 .text.lwip_ntohl
                0x0800e94c       0x1c obj\debug\~#\lwip_tcp_echo_server\middlewares\third_party\lwip\src\core\def.o
                0x0800e94c                lwip_ntohl
 .text.dhcp_handle_nak
                0x0800e968       0x58 obj\debug\~#\lwip_tcp_echo_server\middlewares\third_party\lwip\src\core\dhcp.o
 .text.dhcp_check
                0x0800e9c0       0x6c obj\debug\~#\lwip_tcp_echo_server\middlewares\third_party\lwip\src\core\dhcp.o
 .text.dhcp_handle_offer
                0x0800ea2c       0x4c obj\debug\~#\lwip_tcp_echo_server\middlewares\third_party\lwip\src\core\dhcp.o
 .text.dhcp_select
                0x0800ea78      0x16c obj\debug\~#\lwip_tcp_echo_server\middlewares\third_party\lwip\src\core\dhcp.o
 .text.dhcp_coarse_tmr
                0x0800ebe4       0x78 obj\debug\~#\lwip_tcp_echo_server\middlewares\third_party\lwip\src\core\dhcp.o
                0x0800ebe4                dhcp_coarse_tmr
 .text.dhcp_fine_tmr
                0x0800ec5c       0x68 obj\debug\~#\lwip_tcp_echo_server\middlewares\third_party\lwip\src\core\dhcp.o
                0x0800ec5c                dhcp_fine_tmr
 .text.dhcp_timeout
                0x0800ecc4       0xc8 obj\debug\~#\lwip_tcp_echo_server\middlewares\third_party\lwip\src\core\dhcp.o
 .text.dhcp_t1_timeout
                0x0800ed8c       0x34 obj\debug\~#\lwip_tcp_echo_server\middlewares\third_party\lwip\src\core\dhcp.o
 .text.dhcp_t2_timeout
                0x0800edc0       0x34 obj\debug\~#\lwip_tcp_echo_server\middlewares\third_party\lwip\src\core\dhcp.o
 .text.dhcp_handle_ack
                0x0800edf4       0xf8 obj\debug\~#\lwip_tcp_echo_server\middlewares\third_party\lwip\src\core\dhcp.o
 .text.dhcp_start
                0x0800eeec      0x144 obj\debug\~#\lwip_tcp_echo_server\middlewares\third_party\lwip\src\core\dhcp.o
                0x0800eeec                dhcp_start
 .text.dhcp_network_changed
                0x0800f030       0x88 obj\debug\~#\lwip_tcp_echo_server\middlewares\third_party\lwip\src\core\dhcp.o
                0x0800f030                dhcp_network_changed
 .text.dhcp_arp_reply
                0x0800f0b8       0x40 obj\debug\~#\lwip_tcp_echo_server\middlewares\third_party\lwip\src\core\dhcp.o
                0x0800f0b8                dhcp_arp_reply
 .text.dhcp_decline
                0x0800f0f8       0xe0 obj\debug\~#\lwip_tcp_echo_server\middlewares\third_party\lwip\src\core\dhcp.o
 .text.dhcp_discover
                0x0800f1d8      0x12c obj\debug\~#\lwip_tcp_echo_server\middlewares\third_party\lwip\src\core\dhcp.o
 .text.dhcp_bind
                0x0800f304      0x16c obj\debug\~#\lwip_tcp_echo_server\middlewares\third_party\lwip\src\core\dhcp.o
 .text.dhcp_renew
                0x0800f470       0xfc obj\debug\~#\lwip_tcp_echo_server\middlewares\third_party\lwip\src\core\dhcp.o
                0x0800f470                dhcp_renew
 .text.dhcp_rebind
                0x0800f56c       0xfc obj\debug\~#\lwip_tcp_echo_server\middlewares\third_party\lwip\src\core\dhcp.o
 .text.dhcp_reboot
                0x0800f668      0x114 obj\debug\~#\lwip_tcp_echo_server\middlewares\third_party\lwip\src\core\dhcp.o
 .text.dhcp_release
                0x0800f77c      0x140 obj\debug\~#\lwip_tcp_echo_server\middlewares\third_party\lwip\src\core\dhcp.o
                0x0800f77c                dhcp_release
 .text.dhcp_stop
                0x0800f8bc       0x58 obj\debug\~#\lwip_tcp_echo_server\middlewares\third_party\lwip\src\core\dhcp.o
                0x0800f8bc                dhcp_stop
 .text.dhcp_set_state
                0x0800f914       0x38 obj\debug\~#\lwip_tcp_echo_server\middlewares\third_party\lwip\src\core\dhcp.o
 .text.dhcp_option
                0x0800f94c       0x54 obj\debug\~#\lwip_tcp_echo_server\middlewares\third_party\lwip\src\core\dhcp.o
 .text.dhcp_option_byte
                0x0800f9a0       0x34 obj\debug\~#\lwip_tcp_echo_server\middlewares\third_party\lwip\src\core\dhcp.o
 .text.dhcp_option_short
                0x0800f9d4       0x58 obj\debug\~#\lwip_tcp_echo_server\middlewares\third_party\lwip\src\core\dhcp.o
 .text.dhcp_option_long
                0x0800fa2c       0xa0 obj\debug\~#\lwip_tcp_echo_server\middlewares\third_party\lwip\src\core\dhcp.o
 .text.dhcp_option_hostname
                0x0800facc       0x84 obj\debug\~#\lwip_tcp_echo_server\middlewares\third_party\lwip\src\core\dhcp.o
 .text.dhcp_parse_reply
                0x0800fb50      0x4c8 obj\debug\~#\lwip_tcp_echo_server\middlewares\third_party\lwip\src\core\dhcp.o
 .text.dhcp_recv
                0x08010018      0x160 obj\debug\~#\lwip_tcp_echo_server\middlewares\third_party\lwip\src\core\dhcp.o
 .text.dhcp_create_msg
                0x08010178      0x28c obj\debug\~#\lwip_tcp_echo_server\middlewares\third_party\lwip\src\core\dhcp.o
 .text.dhcp_delete_msg
                0x08010404       0x38 obj\debug\~#\lwip_tcp_echo_server\middlewares\third_party\lwip\src\core\dhcp.o
 .text.dhcp_option_trailer
                0x0801043c       0x74 obj\debug\~#\lwip_tcp_echo_server\middlewares\third_party\lwip\src\core\dhcp.o
 .text.lwip_init
                0x080104b0       0x24 obj\debug\~#\lwip_tcp_echo_server\middlewares\third_party\lwip\src\core\init.o
                0x080104b0                lwip_init
 .text.icmp_input
                0x080104d4      0x25c obj\debug\~#\lwip_tcp_echo_server\middlewares\third_party\lwip\src\core\ipv4\icmp.o
                0x080104d4                icmp_input
 .text.icmp_dest_unreach
                0x08010730       0x24 obj\debug\~#\lwip_tcp_echo_server\middlewares\third_party\lwip\src\core\ipv4\icmp.o
                0x08010730                icmp_dest_unreach
 .text.icmp_time_exceeded
                0x08010754       0x24 obj\debug\~#\lwip_tcp_echo_server\middlewares\third_party\lwip\src\core\ipv4\icmp.o
                0x08010754                icmp_time_exceeded
 .text.icmp_send_response
                0x08010778       0xcc obj\debug\~#\lwip_tcp_echo_server\middlewares\third_party\lwip\src\core\ipv4\icmp.o
 .text.lwip_standard_chksum
                0x08010844       0xe4 obj\debug\~#\lwip_tcp_echo_server\middlewares\third_party\lwip\src\core\ipv4\inet_chksum.o
 .text.inet_chksum_pseudo
                0x08010928      0x150 obj\debug\~#\lwip_tcp_echo_server\middlewares\third_party\lwip\src\core\ipv4\inet_chksum.o
                0x08010928                inet_chksum_pseudo
 .text.inet_chksum
                0x08010a78       0x28 obj\debug\~#\lwip_tcp_echo_server\middlewares\third_party\lwip\src\core\ipv4\inet_chksum.o
                0x08010a78                inet_chksum
 .text.inet_chksum_pbuf
                0x08010aa0       0xbc obj\debug\~#\lwip_tcp_echo_server\middlewares\third_party\lwip\src\core\ipv4\inet_chksum.o
                0x08010aa0                inet_chksum_pbuf
 .text.ip_route
                0x08010b5c       0x88 obj\debug\~#\lwip_tcp_echo_server\middlewares\third_party\lwip\src\core\ipv4\ip.o
                0x08010b5c                ip_route
 .text.ip_input
                0x08010be4      0x2d4 obj\debug\~#\lwip_tcp_echo_server\middlewares\third_party\lwip\src\core\ipv4\ip.o
                0x08010be4                ip_input
 .text.ip_output_if
                0x08010eb8      0x1e0 obj\debug\~#\lwip_tcp_echo_server\middlewares\third_party\lwip\src\core\ipv4\ip.o
                0x08010eb8                ip_output_if
 .text.ip_output
                0x08011098       0x4c obj\debug\~#\lwip_tcp_echo_server\middlewares\third_party\lwip\src\core\ipv4\ip.o
                0x08011098                ip_output
 .text.ip4_addr_isbroadcast
                0x080110e4       0x88 obj\debug\~#\lwip_tcp_echo_server\middlewares\third_party\lwip\src\core\ipv4\ip_addr.o
                0x080110e4                ip4_addr_isbroadcast
 .text.ip_reass_tmr
                0x0801116c       0x5c obj\debug\~#\lwip_tcp_echo_server\middlewares\third_party\lwip\src\core\ipv4\ip_frag.o
                0x0801116c                ip_reass_tmr
 .text.ip_reass_free_complete_datagram
                0x080111c8       0xd4 obj\debug\~#\lwip_tcp_echo_server\middlewares\third_party\lwip\src\core\ipv4\ip_frag.o
 .text.ip_reass_remove_oldest_datagram
                0x0801129c       0xc4 obj\debug\~#\lwip_tcp_echo_server\middlewares\third_party\lwip\src\core\ipv4\ip_frag.o
 .text.ip_reass_enqueue_new_datagram
                0x08011360       0x90 obj\debug\~#\lwip_tcp_echo_server\middlewares\third_party\lwip\src\core\ipv4\ip_frag.o
 .text.ip_reass_dequeue_datagram
                0x080113f0       0x44 obj\debug\~#\lwip_tcp_echo_server\middlewares\third_party\lwip\src\core\ipv4\ip_frag.o
 .text.ip_reass_chain_frag_into_datagram_and_validate
                0x08011434      0x22c obj\debug\~#\lwip_tcp_echo_server\middlewares\third_party\lwip\src\core\ipv4\ip_frag.o
 .text.ip_reass
                0x08011660      0x298 obj\debug\~#\lwip_tcp_echo_server\middlewares\third_party\lwip\src\core\ipv4\ip_frag.o
                0x08011660                ip_reass
 .text.ip_frag_alloc_pbuf_custom_ref
                0x080118f8       0x14 obj\debug\~#\lwip_tcp_echo_server\middlewares\third_party\lwip\src\core\ipv4\ip_frag.o
 .text.ip_frag_free_pbuf_custom_ref
                0x0801190c       0x1c obj\debug\~#\lwip_tcp_echo_server\middlewares\third_party\lwip\src\core\ipv4\ip_frag.o
 .text.ipfrag_free_pbuf_custom
                0x08011928       0x2c obj\debug\~#\lwip_tcp_echo_server\middlewares\third_party\lwip\src\core\ipv4\ip_frag.o
 .text.ip_frag  0x08011954      0x234 obj\debug\~#\lwip_tcp_echo_server\middlewares\third_party\lwip\src\core\ipv4\ip_frag.o
                0x08011954                ip_frag
 .text.tcpip_tcp_timer
                0x08011b88       0x54 obj\debug\~#\lwip_tcp_echo_server\middlewares\third_party\lwip\src\core\lwip_timers.o
 .text.tcp_timer_needed
                0x08011bdc       0x54 obj\debug\~#\lwip_tcp_echo_server\middlewares\third_party\lwip\src\core\lwip_timers.o
                0x08011bdc                tcp_timer_needed
 .text.ip_reass_timer
                0x08011c30       0x28 obj\debug\~#\lwip_tcp_echo_server\middlewares\third_party\lwip\src\core\lwip_timers.o
 .text.arp_timer
                0x08011c58       0x28 obj\debug\~#\lwip_tcp_echo_server\middlewares\third_party\lwip\src\core\lwip_timers.o
 .text.dhcp_timer_coarse
                0x08011c80       0x28 obj\debug\~#\lwip_tcp_echo_server\middlewares\third_party\lwip\src\core\lwip_timers.o
 .text.dhcp_timer_fine
                0x08011ca8       0x28 obj\debug\~#\lwip_tcp_echo_server\middlewares\third_party\lwip\src\core\lwip_timers.o
 .text.sys_timeouts_init
                0x08011cd0       0x58 obj\debug\~#\lwip_tcp_echo_server\middlewares\third_party\lwip\src\core\lwip_timers.o
                0x08011cd0                sys_timeouts_init
 .text.sys_timeout
                0x08011d28      0x110 obj\debug\~#\lwip_tcp_echo_server\middlewares\third_party\lwip\src\core\lwip_timers.o
                0x08011d28                sys_timeout
 .text.sys_untimeout
                0x08011e38       0xa0 obj\debug\~#\lwip_tcp_echo_server\middlewares\third_party\lwip\src\core\lwip_timers.o
                0x08011e38                sys_untimeout
 .text.sys_timeouts_mbox_fetch
                0x08011ed8       0xec obj\debug\~#\lwip_tcp_echo_server\middlewares\third_party\lwip\src\core\lwip_timers.o
                0x08011ed8                sys_timeouts_mbox_fetch
 .text.plug_holes
                0x08011fc4       0xf4 obj\debug\~#\lwip_tcp_echo_server\middlewares\third_party\lwip\src\core\mem.o
 .text.mem_init
                0x080120b8       0xbc obj\debug\~#\lwip_tcp_echo_server\middlewares\third_party\lwip\src\core\mem.o
                0x080120b8                mem_init
 .text.mem_free
                0x08012174       0x9c obj\debug\~#\lwip_tcp_echo_server\middlewares\third_party\lwip\src\core\mem.o
                0x08012174                mem_free
 .text.mem_trim
                0x08012210      0x1f0 obj\debug\~#\lwip_tcp_echo_server\middlewares\third_party\lwip\src\core\mem.o
                0x08012210                mem_trim
 .text.mem_malloc
                0x08012400      0x1d4 obj\debug\~#\lwip_tcp_echo_server\middlewares\third_party\lwip\src\core\mem.o
                0x08012400                mem_malloc
 .text.memp_init
                0x080125d4       0xbc obj\debug\~#\lwip_tcp_echo_server\middlewares\third_party\lwip\src\core\memp.o
                0x080125d4                memp_init
 .text.memp_malloc
                0x08012690       0x4c obj\debug\~#\lwip_tcp_echo_server\middlewares\third_party\lwip\src\core\memp.o
                0x08012690                memp_malloc
 .text.memp_free
                0x080126dc       0x48 obj\debug\~#\lwip_tcp_echo_server\middlewares\third_party\lwip\src\core\memp.o
                0x080126dc                memp_free
 .text.netif_init
                0x08012724        0xc obj\debug\~#\lwip_tcp_echo_server\middlewares\third_party\lwip\src\core\netif.o
                0x08012724                netif_init
 .text.netif_add
                0x08012730       0xb4 obj\debug\~#\lwip_tcp_echo_server\middlewares\third_party\lwip\src\core\netif.o
                0x08012730                netif_add
 .text.netif_set_addr
                0x080127e4       0x30 obj\debug\~#\lwip_tcp_echo_server\middlewares\third_party\lwip\src\core\netif.o
                0x080127e4                netif_set_addr
 .text.netif_set_ipaddr
                0x08012814       0xb8 obj\debug\~#\lwip_tcp_echo_server\middlewares\third_party\lwip\src\core\netif.o
                0x08012814                netif_set_ipaddr
 .text.netif_set_gw
                0x080128cc       0x28 obj\debug\~#\lwip_tcp_echo_server\middlewares\third_party\lwip\src\core\netif.o
                0x080128cc                netif_set_gw
 .text.netif_set_netmask
                0x080128f4       0x28 obj\debug\~#\lwip_tcp_echo_server\middlewares\third_party\lwip\src\core\netif.o
                0x080128f4                netif_set_netmask
 .text.netif_set_default
                0x0801291c       0x20 obj\debug\~#\lwip_tcp_echo_server\middlewares\third_party\lwip\src\core\netif.o
                0x0801291c                netif_set_default
 .text.netif_set_up
                0x0801293c       0x5c obj\debug\~#\lwip_tcp_echo_server\middlewares\third_party\lwip\src\core\netif.o
                0x0801293c                netif_set_up
 .text.netif_set_down
                0x08012998       0x44 obj\debug\~#\lwip_tcp_echo_server\middlewares\third_party\lwip\src\core\netif.o
                0x08012998                netif_set_down
 .text.netif_set_link_up
                0x080129dc       0x78 obj\debug\~#\lwip_tcp_echo_server\middlewares\third_party\lwip\src\core\netif.o
                0x080129dc                netif_set_link_up
 .text.netif_set_link_down
                0x08012a54       0x40 obj\debug\~#\lwip_tcp_echo_server\middlewares\third_party\lwip\src\core\netif.o
                0x08012a54                netif_set_link_down
 .text.netif_set_link_callback
                0x08012a94       0x20 obj\debug\~#\lwip_tcp_echo_server\middlewares\third_party\lwip\src\core\netif.o
                0x08012a94                netif_set_link_callback
 .text.pbuf_alloc
                0x08012ab4      0x238 obj\debug\~#\lwip_tcp_echo_server\middlewares\third_party\lwip\src\core\pbuf.o
                0x08012ab4                pbuf_alloc
 .text.pbuf_alloced_custom
                0x08012cec       0xcc obj\debug\~#\lwip_tcp_echo_server\middlewares\third_party\lwip\src\core\pbuf.o
                0x08012cec                pbuf_alloced_custom
 .text.pbuf_realloc
                0x08012db8       0xcc obj\debug\~#\lwip_tcp_echo_server\middlewares\third_party\lwip\src\core\pbuf.o
                0x08012db8                pbuf_realloc
 .text.pbuf_header
                0x08012e84       0xf4 obj\debug\~#\lwip_tcp_echo_server\middlewares\third_party\lwip\src\core\pbuf.o
                0x08012e84                pbuf_header
 .text.pbuf_free
                0x08012f78       0xc8 obj\debug\~#\lwip_tcp_echo_server\middlewares\third_party\lwip\src\core\pbuf.o
                0x08012f78                pbuf_free
 .text.pbuf_clen
                0x08013040       0x34 obj\debug\~#\lwip_tcp_echo_server\middlewares\third_party\lwip\src\core\pbuf.o
                0x08013040                pbuf_clen
 .text.pbuf_ref
                0x08013074       0x28 obj\debug\~#\lwip_tcp_echo_server\middlewares\third_party\lwip\src\core\pbuf.o
                0x08013074                pbuf_ref
 .text.pbuf_cat
                0x0801309c       0x5c obj\debug\~#\lwip_tcp_echo_server\middlewares\third_party\lwip\src\core\pbuf.o
                0x0801309c                pbuf_cat
 .text.pbuf_chain
                0x080130f8       0x20 obj\debug\~#\lwip_tcp_echo_server\middlewares\third_party\lwip\src\core\pbuf.o
                0x080130f8                pbuf_chain
 .text.pbuf_copy
                0x08013118      0x124 obj\debug\~#\lwip_tcp_echo_server\middlewares\third_party\lwip\src\core\pbuf.o
                0x08013118                pbuf_copy
 .text.pbuf_copy_partial
                0x0801323c       0xd4 obj\debug\~#\lwip_tcp_echo_server\middlewares\third_party\lwip\src\core\pbuf.o
                0x0801323c                pbuf_copy_partial
 .text.raw_input
                0x08013310       0xdc obj\debug\~#\lwip_tcp_echo_server\middlewares\third_party\lwip\src\core\raw.o
                0x08013310                raw_input
 .text.raw_bind
                0x080133ec       0x30 obj\debug\~#\lwip_tcp_echo_server\middlewares\third_party\lwip\src\core\raw.o
                0x080133ec                raw_bind
 .text.raw_recv
                0x0801341c       0x24 obj\debug\~#\lwip_tcp_echo_server\middlewares\third_party\lwip\src\core\raw.o
                0x0801341c                raw_recv
 .text.raw_remove
                0x08013440       0x78 obj\debug\~#\lwip_tcp_echo_server\middlewares\third_party\lwip\src\core\raw.o
                0x08013440                raw_remove
 .text.raw_new  0x080134b8       0x5c obj\debug\~#\lwip_tcp_echo_server\middlewares\third_party\lwip\src\core\raw.o
                0x080134b8                raw_new
 .text.tcp_init
                0x08013514        0xc obj\debug\~#\lwip_tcp_echo_server\middlewares\third_party\lwip\src\core\tcp.o
                0x08013514                tcp_init
 .text.tcp_tmr  0x08013520       0x3c obj\debug\~#\lwip_tcp_echo_server\middlewares\third_party\lwip\src\core\tcp.o
                0x08013520                tcp_tmr
 .text.tcp_close_shutdown
                0x0801355c      0x308 obj\debug\~#\lwip_tcp_echo_server\middlewares\third_party\lwip\src\core\tcp.o
 .text.tcp_close
                0x08013864       0x34 obj\debug\~#\lwip_tcp_echo_server\middlewares\third_party\lwip\src\core\tcp.o
                0x08013864                tcp_close
 .text.tcp_shutdown
                0x08013898       0xa0 obj\debug\~#\lwip_tcp_echo_server\middlewares\third_party\lwip\src\core\tcp.o
                0x08013898                tcp_shutdown
 .text.tcp_abandon
                0x08013938       0xcc obj\debug\~#\lwip_tcp_echo_server\middlewares\third_party\lwip\src\core\tcp.o
                0x08013938                tcp_abandon
 .text.tcp_abort
                0x08013a04       0x1c obj\debug\~#\lwip_tcp_echo_server\middlewares\third_party\lwip\src\core\tcp.o
                0x08013a04                tcp_abort
 .text.tcp_bind
                0x08013a20       0xf8 obj\debug\~#\lwip_tcp_echo_server\middlewares\third_party\lwip\src\core\tcp.o
                0x08013a20                tcp_bind
 .text.tcp_accept_null
                0x08013b18       0x20 obj\debug\~#\lwip_tcp_echo_server\middlewares\third_party\lwip\src\core\tcp.o
 .text.tcp_listen_with_backlog
                0x08013b38      0x160 obj\debug\~#\lwip_tcp_echo_server\middlewares\third_party\lwip\src\core\tcp.o
                0x08013b38                tcp_listen_with_backlog
 .text.tcp_update_rcv_ann_wnd
                0x08013c98       0x88 obj\debug\~#\lwip_tcp_echo_server\middlewares\third_party\lwip\src\core\tcp.o
                0x08013c98                tcp_update_rcv_ann_wnd
 .text.tcp_recved
                0x08013d20       0x60 obj\debug\~#\lwip_tcp_echo_server\middlewares\third_party\lwip\src\core\tcp.o
                0x08013d20                tcp_recved
 .text.tcp_new_port
                0x08013d80       0xc0 obj\debug\~#\lwip_tcp_echo_server\middlewares\third_party\lwip\src\core\tcp.o
 .text.tcp_slowtmr
                0x08013e40      0x4dc obj\debug\~#\lwip_tcp_echo_server\middlewares\third_party\lwip\src\core\tcp.o
                0x08013e40                tcp_slowtmr
 .text.tcp_fasttmr
                0x0801431c       0xc8 obj\debug\~#\lwip_tcp_echo_server\middlewares\third_party\lwip\src\core\tcp.o
                0x0801431c                tcp_fasttmr
 .text.tcp_process_refused_data
                0x080143e4       0xe0 obj\debug\~#\lwip_tcp_echo_server\middlewares\third_party\lwip\src\core\tcp.o
                0x080143e4                tcp_process_refused_data
 .text.tcp_segs_free
                0x080144c4       0x28 obj\debug\~#\lwip_tcp_echo_server\middlewares\third_party\lwip\src\core\tcp.o
                0x080144c4                tcp_segs_free
 .text.tcp_seg_free
                0x080144ec       0x34 obj\debug\~#\lwip_tcp_echo_server\middlewares\third_party\lwip\src\core\tcp.o
                0x080144ec                tcp_seg_free
 .text.tcp_recv_null
                0x08014520       0x4c obj\debug\~#\lwip_tcp_echo_server\middlewares\third_party\lwip\src\core\tcp.o
                0x08014520                tcp_recv_null
 .text.tcp_kill_prio
                0x0801456c       0x90 obj\debug\~#\lwip_tcp_echo_server\middlewares\third_party\lwip\src\core\tcp.o
 .text.tcp_kill_timewait
                0x080145fc       0x6c obj\debug\~#\lwip_tcp_echo_server\middlewares\third_party\lwip\src\core\tcp.o
 .text.tcp_alloc
                0x08014668      0x13c obj\debug\~#\lwip_tcp_echo_server\middlewares\third_party\lwip\src\core\tcp.o
                0x08014668                tcp_alloc
 .text.tcp_new  0x080147a4       0x14 obj\debug\~#\lwip_tcp_echo_server\middlewares\third_party\lwip\src\core\tcp.o
                0x080147a4                tcp_new
 .text.tcp_arg  0x080147b8       0x1c obj\debug\~#\lwip_tcp_echo_server\middlewares\third_party\lwip\src\core\tcp.o
                0x080147b8                tcp_arg
 .text.tcp_recv
                0x080147d4       0x1c obj\debug\~#\lwip_tcp_echo_server\middlewares\third_party\lwip\src\core\tcp.o
                0x080147d4                tcp_recv
 .text.tcp_sent
                0x080147f0       0x1c obj\debug\~#\lwip_tcp_echo_server\middlewares\third_party\lwip\src\core\tcp.o
                0x080147f0                tcp_sent
 .text.tcp_err  0x0801480c       0x1c obj\debug\~#\lwip_tcp_echo_server\middlewares\third_party\lwip\src\core\tcp.o
                0x0801480c                tcp_err
 .text.tcp_accept
                0x08014828       0x1c obj\debug\~#\lwip_tcp_echo_server\middlewares\third_party\lwip\src\core\tcp.o
                0x08014828                tcp_accept
 .text.tcp_poll
                0x08014844       0x28 obj\debug\~#\lwip_tcp_echo_server\middlewares\third_party\lwip\src\core\tcp.o
                0x08014844                tcp_poll
 .text.tcp_pcb_purge
                0x0801486c       0x78 obj\debug\~#\lwip_tcp_echo_server\middlewares\third_party\lwip\src\core\tcp.o
                0x0801486c                tcp_pcb_purge
 .text.tcp_pcb_remove
                0x080148e4       0xcc obj\debug\~#\lwip_tcp_echo_server\middlewares\third_party\lwip\src\core\tcp.o
                0x080148e4                tcp_pcb_remove
 .text.tcp_next_iss
                0x080149b0       0x38 obj\debug\~#\lwip_tcp_echo_server\middlewares\third_party\lwip\src\core\tcp.o
                0x080149b0                tcp_next_iss
 .text.tcp_eff_send_mss
                0x080149e8       0x44 obj\debug\~#\lwip_tcp_echo_server\middlewares\third_party\lwip\src\core\tcp.o
                0x080149e8                tcp_eff_send_mss
 .text.tcp_input
                0x08014a2c      0x7ac obj\debug\~#\lwip_tcp_echo_server\middlewares\third_party\lwip\src\core\tcp_in.o
                0x08014a2c                tcp_input
 .text.tcp_listen_input
                0x080151d8      0x200 obj\debug\~#\lwip_tcp_echo_server\middlewares\third_party\lwip\src\core\tcp_in.o
 .text.tcp_timewait_input
                0x080153d8      0x118 obj\debug\~#\lwip_tcp_echo_server\middlewares\third_party\lwip\src\core\tcp_in.o
 .text.tcp_process
                0x080154f0      0x8f0 obj\debug\~#\lwip_tcp_echo_server\middlewares\third_party\lwip\src\core\tcp_in.o
 .text.tcp_receive
                0x08015de0      0xa8c obj\debug\~#\lwip_tcp_echo_server\middlewares\third_party\lwip\src\core\tcp_in.o
 .text.tcp_parseopt
                0x0801686c      0x134 obj\debug\~#\lwip_tcp_echo_server\middlewares\third_party\lwip\src\core\tcp_in.o
 .text.tcp_output_alloc_header
                0x080169a0       0xe8 obj\debug\~#\lwip_tcp_echo_server\middlewares\third_party\lwip\src\core\tcp_out.o
 .text.tcp_send_fin
                0x08016a88       0x88 obj\debug\~#\lwip_tcp_echo_server\middlewares\third_party\lwip\src\core\tcp_out.o
                0x08016a88                tcp_send_fin
 .text.tcp_create_segment
                0x08016b10      0x128 obj\debug\~#\lwip_tcp_echo_server\middlewares\third_party\lwip\src\core\tcp_out.o
 .text.tcp_pbuf_prealloc
                0x08016c38       0xac obj\debug\~#\lwip_tcp_echo_server\middlewares\third_party\lwip\src\core\tcp_out.o
 .text.tcp_write_checks
                0x08016ce4       0xb4 obj\debug\~#\lwip_tcp_echo_server\middlewares\third_party\lwip\src\core\tcp_out.o
 .text.tcp_write
                0x08016d98      0x4bc obj\debug\~#\lwip_tcp_echo_server\middlewares\third_party\lwip\src\core\tcp_out.o
                0x08016d98                tcp_write
 .text.tcp_enqueue_flags
                0x08017254      0x1a8 obj\debug\~#\lwip_tcp_echo_server\middlewares\third_party\lwip\src\core\tcp_out.o
                0x08017254                tcp_enqueue_flags
 .text.tcp_send_empty_ack
                0x080173fc       0xa4 obj\debug\~#\lwip_tcp_echo_server\middlewares\third_party\lwip\src\core\tcp_out.o
                0x080173fc                tcp_send_empty_ack
 .text.tcp_output
                0x080174a0      0x2c0 obj\debug\~#\lwip_tcp_echo_server\middlewares\third_party\lwip\src\core\tcp_out.o
                0x080174a0                tcp_output
 .text.tcp_output_segment
                0x08017760      0x18c obj\debug\~#\lwip_tcp_echo_server\middlewares\third_party\lwip\src\core\tcp_out.o
 .text.tcp_rst  0x080178ec       0xf0 obj\debug\~#\lwip_tcp_echo_server\middlewares\third_party\lwip\src\core\tcp_out.o
                0x080178ec                tcp_rst
 .text.tcp_rexmit_rto
                0x080179dc       0x6c obj\debug\~#\lwip_tcp_echo_server\middlewares\third_party\lwip\src\core\tcp_out.o
                0x080179dc                tcp_rexmit_rto
 .text.tcp_rexmit
                0x08017a48       0xa0 obj\debug\~#\lwip_tcp_echo_server\middlewares\third_party\lwip\src\core\tcp_out.o
                0x08017a48                tcp_rexmit
 .text.tcp_rexmit_fast
                0x08017ae8       0xb0 obj\debug\~#\lwip_tcp_echo_server\middlewares\third_party\lwip\src\core\tcp_out.o
                0x08017ae8                tcp_rexmit_fast
 .text.tcp_keepalive
                0x08017b98       0x88 obj\debug\~#\lwip_tcp_echo_server\middlewares\third_party\lwip\src\core\tcp_out.o
                0x08017b98                tcp_keepalive
 .text.tcp_zero_window_probe
                0x08017c20      0x128 obj\debug\~#\lwip_tcp_echo_server\middlewares\third_party\lwip\src\core\tcp_out.o
                0x08017c20                tcp_zero_window_probe
 .text.udp_init
                0x08017d48        0xc obj\debug\~#\lwip_tcp_echo_server\middlewares\third_party\lwip\src\core\udp.o
                0x08017d48                udp_init
 .text.udp_new_port
                0x08017d54       0xa4 obj\debug\~#\lwip_tcp_echo_server\middlewares\third_party\lwip\src\core\udp.o
 .text.udp_input
                0x08017df8      0x30c obj\debug\~#\lwip_tcp_echo_server\middlewares\third_party\lwip\src\core\udp.o
                0x08017df8                udp_input
 .text.udp_sendto_if
                0x08018104      0x180 obj\debug\~#\lwip_tcp_echo_server\middlewares\third_party\lwip\src\core\udp.o
                0x08018104                udp_sendto_if
 .text.udp_bind
                0x08018284       0xdc obj\debug\~#\lwip_tcp_echo_server\middlewares\third_party\lwip\src\core\udp.o
                0x08018284                udp_bind
 .text.udp_connect
                0x08018360       0xb0 obj\debug\~#\lwip_tcp_echo_server\middlewares\third_party\lwip\src\core\udp.o
                0x08018360                udp_connect
 .text.udp_recv
                0x08018410       0x24 obj\debug\~#\lwip_tcp_echo_server\middlewares\third_party\lwip\src\core\udp.o
                0x08018410                udp_recv
 .text.udp_remove
                0x08018434       0x78 obj\debug\~#\lwip_tcp_echo_server\middlewares\third_party\lwip\src\core\udp.o
                0x08018434                udp_remove
 .text.udp_new  0x080184ac       0x38 obj\debug\~#\lwip_tcp_echo_server\middlewares\third_party\lwip\src\core\udp.o
                0x080184ac                udp_new
 .text.etharp_free_entry
                0x080184e4      0x1c0 obj\debug\~#\lwip_tcp_echo_server\middlewares\third_party\lwip\src\netif\etharp.o
 .text.etharp_tmr
                0x080186a4      0x144 obj\debug\~#\lwip_tcp_echo_server\middlewares\third_party\lwip\src\netif\etharp.o
                0x080186a4                etharp_tmr
 .text.etharp_find_entry
                0x080187e8      0x2a4 obj\debug\~#\lwip_tcp_echo_server\middlewares\third_party\lwip\src\netif\etharp.o
 .text.etharp_send_ip
                0x08018a8c       0x5c obj\debug\~#\lwip_tcp_echo_server\middlewares\third_party\lwip\src\netif\etharp.o
 .text.etharp_update_arp_entry
                0x08018ae8      0x178 obj\debug\~#\lwip_tcp_echo_server\middlewares\third_party\lwip\src\netif\etharp.o
 .text.etharp_cleanup_netif
                0x08018c60       0x78 obj\debug\~#\lwip_tcp_echo_server\middlewares\third_party\lwip\src\netif\etharp.o
                0x08018c60                etharp_cleanup_netif
 .text.etharp_arp_input
                0x08018cd8      0x1cc obj\debug\~#\lwip_tcp_echo_server\middlewares\third_party\lwip\src\netif\etharp.o
 .text.etharp_output_to_arp_index
                0x08018ea4       0xe8 obj\debug\~#\lwip_tcp_echo_server\middlewares\third_party\lwip\src\netif\etharp.o
 .text.etharp_output
                0x08018f8c      0x1f4 obj\debug\~#\lwip_tcp_echo_server\middlewares\third_party\lwip\src\netif\etharp.o
                0x08018f8c                etharp_output
 .text.etharp_query
                0x08019180      0x2b0 obj\debug\~#\lwip_tcp_echo_server\middlewares\third_party\lwip\src\netif\etharp.o
                0x08019180                etharp_query
 .text.etharp_raw
                0x08019430      0x12c obj\debug\~#\lwip_tcp_echo_server\middlewares\third_party\lwip\src\netif\etharp.o
 .text.etharp_request
                0x0801955c       0x50 obj\debug\~#\lwip_tcp_echo_server\middlewares\third_party\lwip\src\netif\etharp.o
                0x0801955c                etharp_request
 .text.ethernet_input
                0x080195ac      0x114 obj\debug\~#\lwip_tcp_echo_server\middlewares\third_party\lwip\src\netif\etharp.o
                0x080195ac                ethernet_input
 .text.sys_mbox_new
                0x080196c0       0x40 obj\debug\~#\lwip_tcp_echo_server\middlewares\third_party\lwip\system\os\sys_arch.o
                0x080196c0                sys_mbox_new
 .text.sys_mbox_free
                0x08019700       0x24 obj\debug\~#\lwip_tcp_echo_server\middlewares\third_party\lwip\system\os\sys_arch.o
                0x08019700                sys_mbox_free
 .text.sys_mbox_post
                0x08019724       0x30 obj\debug\~#\lwip_tcp_echo_server\middlewares\third_party\lwip\system\os\sys_arch.o
                0x08019724                sys_mbox_post
 .text.sys_mbox_trypost
                0x08019754       0x44 obj\debug\~#\lwip_tcp_echo_server\middlewares\third_party\lwip\system\os\sys_arch.o
                0x08019754                sys_mbox_trypost
 .text.sys_arch_mbox_fetch
                0x08019798       0x94 obj\debug\~#\lwip_tcp_echo_server\middlewares\third_party\lwip\system\os\sys_arch.o
                0x08019798                sys_arch_mbox_fetch
 .text.sys_arch_mbox_tryfetch
                0x0801982c       0x44 obj\debug\~#\lwip_tcp_echo_server\middlewares\third_party\lwip\system\os\sys_arch.o
                0x0801982c                sys_arch_mbox_tryfetch
 .text.sys_mbox_valid
                0x08019870       0x28 obj\debug\~#\lwip_tcp_echo_server\middlewares\third_party\lwip\system\os\sys_arch.o
                0x08019870                sys_mbox_valid
 .text.sys_mbox_set_invalid
                0x08019898       0x1c obj\debug\~#\lwip_tcp_echo_server\middlewares\third_party\lwip\system\os\sys_arch.o
                0x08019898                sys_mbox_set_invalid
 .text.sys_sem_new
                0x080198b4       0x7c obj\debug\~#\lwip_tcp_echo_server\middlewares\third_party\lwip\system\os\sys_arch.o
                0x080198b4                sys_sem_new
 .text.sys_arch_sem_wait
                0x08019930       0x80 obj\debug\~#\lwip_tcp_echo_server\middlewares\third_party\lwip\system\os\sys_arch.o
                0x08019930                sys_arch_sem_wait
 .text.sys_sem_signal
                0x080199b0       0x28 obj\debug\~#\lwip_tcp_echo_server\middlewares\third_party\lwip\system\os\sys_arch.o
                0x080199b0                sys_sem_signal
 .text.sys_sem_free
                0x080199d8       0x1c obj\debug\~#\lwip_tcp_echo_server\middlewares\third_party\lwip\system\os\sys_arch.o
                0x080199d8                sys_sem_free
 .text.sys_sem_valid
                0x080199f4       0x28 obj\debug\~#\lwip_tcp_echo_server\middlewares\third_party\lwip\system\os\sys_arch.o
                0x080199f4                sys_sem_valid
 .text.sys_sem_set_invalid
                0x08019a1c       0x1c obj\debug\~#\lwip_tcp_echo_server\middlewares\third_party\lwip\system\os\sys_arch.o
                0x08019a1c                sys_sem_set_invalid
 .text.sys_init
                0x08019a38       0x18 obj\debug\~#\lwip_tcp_echo_server\middlewares\third_party\lwip\system\os\sys_arch.o
                0x08019a38                sys_init
 .text.sys_thread_new
                0x08019a50       0x64 obj\debug\~#\lwip_tcp_echo_server\middlewares\third_party\lwip\system\os\sys_arch.o
                0x08019a50                sys_thread_new
 .text.exit     0x08019ab4       0x28 c:/program files (x86)/emblocks/2.30/share/em_armgcc/bin/../lib/gcc/arm-none-eabi/4.7.3/../../../../arm-none-eabi/lib/armv7e-m/fpu\libc_n.a(lib_a-exit.o)
                0x08019ab4                exit
 .text.__libc_init_array
                0x08019adc       0x4c c:/program files (x86)/emblocks/2.30/share/em_armgcc/bin/../lib/gcc/arm-none-eabi/4.7.3/../../../../arm-none-eabi/lib/armv7e-m/fpu\libc_n.a(lib_a-init.o)
                0x08019adc                __libc_init_array