../LWIP/Target/ethernetif.c:61:6:ENC_MspInit	40	static
../LWIP/Target/ethernetif.c:84:6:ENC_MspDeInit	16	static
../LWIP/Target/ethernetif.c:107:13:low_level_init	16	static
../LWIP/Target/ethernetif.c:194:14:low_level_output	32	static
../LWIP/Target/ethernetif.c:246:22:low_level_input	40	static
../LWIP/Target/ethernetif.c:293:6:ethernetif_input	24	static
../LWIP/Target/ethernetif.c:328:7:ethernetif_init	16	static
../LWIP/Target/ethernetif.c:360:7:sys_jiffies	8	static
../LWIP/Target/ethernetif.c:371:7:sys_now	8	static
../LWIP/Target/ethernetif.c:387:6:ethernetif_set_link	16	static
../LWIP/Target/ethernetif.c:413:6:ethernetif_process_irq_do	24	static
../LWIP/Target/ethernetif.c:443:6:ethernetif_process_irq	24	static
../LWIP/Target/ethernetif.c:463:6:ethernet_irq_handler	16	static
../LWIP/Target/ethernetif.c:478:6:ethernetif_update_config	16	static
../LWIP/Target/ethernetif.c:495:13:ethernetif_notify_conn_changed	16	static
../LWIP/Target/ethernetif.c:506:6:ethernet_transmit	8	static
