../Core/Src/enc28j60.c:73:16:SPIx_TxRx	24	static
../Core/Src/enc28j60.c:79:13:SPIx_TxBuf	32	static
../Core/Src/enc28j60.c:100:13:init_udelay	4	static,ignoring_inline_asm
../Core/Src/enc28j60.c:117:6:udelay	32	static
../Core/Src/enc28j60.c:146:6:enc_reset	16	static
../Core/Src/enc28j60.c:160:6:enc_start	24	static
../Core/Src/enc28j60.c:283:6:enc_set_MAC	16	static
../Core/Src/enc28j60.c:294:8:enc_prepare_txbuffer	24	static
../Core/Src/enc28j60.c:331:6:enc_wrbuffer	16	static
../Core/Src/enc28j60.c:339:6:enc_transmit	24	static
../Core/Src/enc28j60.c:383:6:enc_get_received_frame	32	static
../Core/Src/enc28j60.c:445:6:enc_enable_interrupts	16	static
../Core/Src/enc28j60.c:451:6:enc_irq_handler	24	static
../Core/Src/enc28j60.c:485:13:enc_setbank	16	static
../Core/Src/enc28j60.c:502:16:enc_rdgreg2	24	static
../Core/Src/enc28j60.c:512:13:enc_wrgreg2	24	static
../Core/Src/enc28j60.c:521:13:enc_waitgreg	32	static
../Core/Src/enc28j60.c:537:13:enc_waitwhilegreg	32	static
../Core/Src/enc28j60.c:553:16:enc_rdbreg	24	static
../Core/Src/enc28j60.c:564:13:enc_wrbreg	24	static
../Core/Src/enc28j60.c:574:13:enc_waitbreg	32	static
../Core/Src/enc28j60.c:590:17:enc_rdphy	24	static
../Core/Src/enc28j60.c:609:13:enc_wrphy	16	static
../Core/Src/enc28j60.c:619:13:enc_rdbuffer	16	static
../Core/Src/enc28j60.c:627:13:enc_linkstatus	16	static
