../Core/Src/main.c:84:5:main	48	static
../Core/Src/main.c:172:6:SystemClock_Config	96	static
../Core/Src/main.c:222:13:MX_SPI2_Init	8	static
../Core/Src/main.c:262:13:MX_USART2_UART_Init	8	static
../Core/Src/main.c:297:13:MX_GPIO_Init	48	static
../Core/Src/main.c:360:6:StartTask03	24	static
../Core/Src/main.c:386:6:HAL_GPIO_EXTI_Callback	16	static
../Core/Src/main.c:395:6:vApplicationStackOverflowHook	16	static
../Core/Src/main.c:409:6:StartDefaultTask	24	static
../Core/Src/main.c:433:6:HAL_TIM_PeriodElapsedCallback	16	static
../Core/Src/main.c:450:6:Error_Handler	4	static,ignoring_inline_asm
