../Core/Src/main.c:94:5:main	48	static
../Core/Src/main.c:186:6:SystemClock_Config	96	static
../Core/Src/main.c:236:13:MX_SPI2_Init	8	static
../Core/Src/main.c:276:13:MX_USART1_UART_Init	8	static
../Core/Src/main.c:311:13:MX_USART2_UART_Init	8	static
../Core/Src/main.c:346:13:MX_GPIO_Init	48	static
../Core/Src/main.c:409:6:StartTask03	24	static
../Core/Src/main.c:441:6:HAL_GPIO_EXTI_Callback	16	static
../Core/Src/main.c:450:6:vApplicationStackOverflowHook	16	static
../Core/Src/main.c:454:1:__io_putchar	16	static
../Core/Src/main.c:463:6:HAL_UART_RxCpltCallback	24	static,ignoring_inline_asm
../Core/Src/main.c:483:6:StartDefaultTask	24	static
../Core/Src/main.c:507:6:HAL_TIM_PeriodElapsedCallback	16	static
../Core/Src/main.c:525:6:Error_Handler	4	static,ignoring_inline_asm
